interactions:
- request:
    body: null
    headers:
      Accept:
      - application/json
      Accept-Encoding:
      - gzip, deflate
      CommandName:
      - search service create
      Connection:
      - keep-alive
      ParameterSetName:
      - -n -g --sku --ip-rules
      User-Agent:
      - AZURECLI/2.76.0 azsdk-python-core/1.35.0 Python/3.12.10 (Windows-11-10.0.26100-SP0)
    method: GET
    uri: https://management.azure.com/subscriptions/00000000-0000-0000-0000-000000000000/resourcegroups/azure_search_cli_test000001?api-version=2024-11-01
  response:
    body:
      string: '{"id":"/subscriptions/00000000-0000-0000-0000-000000000000/resourceGroups/azure_search_cli_test000001","name":"azure_search_cli_test000001","type":"Microsoft.Resources/resourceGroups","location":"eastus2euap","tags":{"product":"azurecli","cause":"automation","test":"test_service_update_ip_rules","date":"2025-09-12T06:29:43Z","module":"search"},"properties":{"provisioningState":"Succeeded"}}'
    headers:
      cache-control:
      - no-cache
      content-length:
      - '393'
      content-type:
      - application/json; charset=utf-8
      date:
      - Fri, 12 Sep 2025 06:29:44 GMT
      expires:
      - '-1'
      pragma:
      - no-cache
      strict-transport-security:
      - max-age=31536000; includeSubDomains
      x-cache:
      - CONFIG_NOCACHE
      x-content-type-options:
      - nosniff
      x-ms-throttling-version:
      - v2
      x-msedge-ref:
      - 'Ref A: 027FE762315946B886B62D2D3B931B86 Ref B: MWH011020806062 Ref C: 2025-09-12T06:29:45Z'
    status:
      code: 200
      message: OK
- request:
    body: '{"location": "eastus2euap", "properties": {"hostingMode": "default", "networkRuleSet":
      {"ipRules": [{"value": "123.4.5.6"}, {"value": "123.5.6.7"}]}, "partitionCount":
      1, "publicNetworkAccess": "enabled", "replicaCount": 1}, "sku": {"name": "standard"}}'
    headers:
      Accept:
      - application/json
      Accept-Encoding:
      - gzip, deflate
      CommandName:
      - search service create
      Connection:
      - keep-alive
      Content-Length:
      - '253'
      Content-Type:
      - application/json
      ParameterSetName:
      - -n -g --sku --ip-rules
      User-Agent:
      - AZURECLI/2.76.0 azsdk-python-core/1.35.0 Python/3.12.10 (Windows-11-10.0.26100-SP0)
    method: PUT
    uri: https://management.azure.com/subscriptions/00000000-0000-0000-0000-000000000000/resourceGroups/azure_search_cli_test000001/providers/Microsoft.Search/searchServices/test000002?api-version=2025-05-01
  response:
    body:
      string: '{"location":"East US 2 EUAP","tags":{},"properties":{"replicaCount":1,"partitionCount":1,"endpoint":"https://test000002.search.windows.net","status":"provisioning","statusDetails":"","provisioningState":"provisioning","hostingMode":"default","computeType":"Default","publicNetworkAccess":"Enabled","networkRuleSet":{"ipRules":[{"value":"123.4.5.6"},{"value":"123.5.6.7"}],"bypass":"None"},"privateEndpointConnections":[],"sharedPrivateLinkResources":[],"encryptionWithCmk":{"enforcement":"Unspecified","encryptionComplianceStatus":"Compliant"},"disableLocalAuth":false,"authOptions":{"apiKeyOnly":{}},"dataExfiltrationProtections":[],"semanticSearch":"free","upgradeAvailable":"notAvailable","serviceUpgradedAt":null},"systemData":{"createdAt":"2025-09-12T06:29:54.211Z"},"id":"/subscriptions/00000000-0000-0000-0000-000000000000/resourceGroups/azure_search_cli_test000001/providers/Microsoft.Search/searchServices/test000002","name":"test000002","type":"Microsoft.Search/searchServices","sku":{"name":"standard"}}'
    headers:
      cache-control:
      - no-cache
      content-length:
      - '1014'
      content-type:
      - application/json; charset=utf-8
      date:
      - Fri, 12 Sep 2025 06:29:53 GMT
      elapsed-time:
      - '8388'
      etag:
      - W/"datetime'2025-09-12T06%3A29%3A54.2135762Z'"
      expires:
      - '-1'
      pragma:
      - no-cache
      request-id:
      - df161aa4-8fa1-11f0-929d-683421896a24
      strict-transport-security:
      - max-age=31536000; includeSubDomains
      x-cache:
      - CONFIG_NOCACHE
      x-content-type-options:
      - nosniff
      x-ms-operation-identifier:
      - tenantId=72f988bf-86f1-41af-91ab-2d7cd011db47,objectId=36c383ff-e0fb-4818-8b53-3e88239797c1/eastus2euap/52c023de-3948-4f96-bf8b-4313550d1417
      x-ms-ratelimit-remaining-subscription-writes:
      - '800'
      x-ms-throttling-version:
      - v2
      x-msedge-ref:
      - 'Ref A: D367635FCE57486CA347F9296B3D436E Ref B: MWH011020809054 Ref C: 2025-09-12T06:29:45Z'
    status:
      code: 201
      message: Created
- request:
    body: null
    headers:
      Accept:
      - '*/*'
      Accept-Encoding:
      - gzip, deflate
      CommandName:
      - search service create
      Connection:
      - keep-alive
      ParameterSetName:
      - -n -g --sku --ip-rules
      User-Agent:
      - AZURECLI/2.76.0 azsdk-python-core/1.35.0 Python/3.12.10 (Windows-11-10.0.26100-SP0)
    method: GET
    uri: https://management.azure.com/subscriptions/00000000-0000-0000-0000-000000000000/resourceGroups/azure_search_cli_test000001/providers/Microsoft.Search/searchServices/test000002?api-version=2025-05-01
  response:
    body:
      string: '{"location":"East US 2 EUAP","tags":{},"properties":{"replicaCount":1,"partitionCount":1,"endpoint":"https://test000002.search.windows.net","status":"provisioning","statusDetails":"","provisioningState":"provisioning","hostingMode":"default","computeType":"Default","publicNetworkAccess":"Enabled","networkRuleSet":{"ipRules":[{"value":"123.4.5.6"},{"value":"123.5.6.7"}],"bypass":"None"},"privateEndpointConnections":[],"sharedPrivateLinkResources":[],"encryptionWithCmk":{"enforcement":"Unspecified","encryptionComplianceStatus":"Compliant"},"disableLocalAuth":false,"authOptions":{"apiKeyOnly":{}},"dataExfiltrationProtections":[],"semanticSearch":"free","upgradeAvailable":"notAvailable","serviceUpgradedAt":null},"systemData":{"createdAt":"2025-09-12T06:29:54.211Z"},"id":"/subscriptions/00000000-0000-0000-0000-000000000000/resourceGroups/azure_search_cli_test000001/providers/Microsoft.Search/searchServices/test000002","name":"test000002","type":"Microsoft.Search/searchServices","sku":{"name":"standard"}}'
    headers:
      cache-control:
      - no-cache
      content-length:
      - '1014'
      content-type:
      - application/json; charset=utf-8
      date:
      - Fri, 12 Sep 2025 06:29:54 GMT
      elapsed-time:
      - '63'
      etag:
      - W/"datetime'2025-09-12T06%3A29%3A54.2135762Z'"
      expires:
      - '-1'
      pragma:
      - no-cache
      request-id:
      - df161aa4-8fa1-11f0-929d-683421896a24
      strict-transport-security:
      - max-age=31536000; includeSubDomains
      x-cache:
      - CONFIG_NOCACHE
      x-content-type-options:
      - nosniff
      x-ms-throttling-version:
      - v2
      x-msedge-ref:
      - 'Ref A: 72BC6CDEBFE642F599981556423F31FD Ref B: MWH011020809062 Ref C: 2025-09-12T06:29:54Z'
    status:
      code: 200
      message: OK
- request:
    body: null
    headers:
      Accept:
      - '*/*'
      Accept-Encoding:
      - gzip, deflate
      CommandName:
      - search service create
      Connection:
      - keep-alive
      ParameterSetName:
      - -n -g --sku --ip-rules
      User-Agent:
      - AZURECLI/2.76.0 azsdk-python-core/1.35.0 Python/3.12.10 (Windows-11-10.0.26100-SP0)
    method: GET
    uri: https://management.azure.com/subscriptions/00000000-0000-0000-0000-000000000000/resourceGroups/azure_search_cli_test000001/providers/Microsoft.Search/searchServices/test000002?api-version=2025-05-01
  response:
    body:
      string: '{"location":"East US 2 EUAP","tags":{},"properties":{"replicaCount":1,"partitionCount":1,"endpoint":"https://test000002.search.windows.net","status":"provisioning","statusDetails":"","provisioningState":"provisioning","hostingMode":"default","computeType":"Default","publicNetworkAccess":"Enabled","networkRuleSet":{"ipRules":[{"value":"123.4.5.6"},{"value":"123.5.6.7"}],"bypass":"None"},"privateEndpointConnections":[],"sharedPrivateLinkResources":[],"encryptionWithCmk":{"enforcement":"Unspecified","encryptionComplianceStatus":"Compliant"},"disableLocalAuth":false,"authOptions":{"apiKeyOnly":{}},"dataExfiltrationProtections":[],"semanticSearch":"free","upgradeAvailable":"notAvailable","serviceUpgradedAt":null},"systemData":{"createdAt":"2025-09-12T06:29:54.211Z"},"id":"/subscriptions/00000000-0000-0000-0000-000000000000/resourceGroups/azure_search_cli_test000001/providers/Microsoft.Search/searchServices/test000002","name":"test000002","type":"Microsoft.Search/searchServices","sku":{"name":"standard"}}'
    headers:
      cache-control:
      - no-cache
      content-length:
      - '1014'
      content-type:
      - application/json; charset=utf-8
      date:
      - Fri, 12 Sep 2025 06:30:24 GMT
      elapsed-time:
      - '58'
      etag:
      - W/"datetime'2025-09-12T06%3A29%3A54.2135762Z'"
      expires:
      - '-1'
      pragma:
      - no-cache
      request-id:
      - df161aa4-8fa1-11f0-929d-683421896a24
      strict-transport-security:
      - max-age=31536000; includeSubDomains
      x-cache:
      - CONFIG_NOCACHE
      x-content-type-options:
      - nosniff
      x-ms-throttling-version:
      - v2
      x-msedge-ref:
      - 'Ref A: 61CDA1B3214E4FD198935C5E8483218D Ref B: CO6AA3150218033 Ref C: 2025-09-12T06:30:24Z'
    status:
      code: 200
      message: OK
- request:
    body: null
    headers:
      Accept:
      - '*/*'
      Accept-Encoding:
      - gzip, deflate
      CommandName:
      - search service create
      Connection:
      - keep-alive
      ParameterSetName:
      - -n -g --sku --ip-rules
      User-Agent:
      - AZURECLI/2.76.0 azsdk-python-core/1.35.0 Python/3.12.10 (Windows-11-10.0.26100-SP0)
    method: GET
    uri: https://management.azure.com/subscriptions/00000000-0000-0000-0000-000000000000/resourceGroups/azure_search_cli_test000001/providers/Microsoft.Search/searchServices/test000002?api-version=2025-05-01
  response:
    body:
      string: '{"location":"East US 2 EUAP","tags":{},"properties":{"replicaCount":1,"partitionCount":1,"endpoint":"https://test000002.search.windows.net","status":"provisioning","statusDetails":"","provisioningState":"provisioning","hostingMode":"default","computeType":"Default","publicNetworkAccess":"Enabled","networkRuleSet":{"ipRules":[{"value":"123.4.5.6"},{"value":"123.5.6.7"}],"bypass":"None"},"privateEndpointConnections":[],"sharedPrivateLinkResources":[],"encryptionWithCmk":{"enforcement":"Unspecified","encryptionComplianceStatus":"Compliant"},"disableLocalAuth":false,"authOptions":{"apiKeyOnly":{}},"dataExfiltrationProtections":[],"semanticSearch":"free","upgradeAvailable":"notAvailable","serviceUpgradedAt":null},"systemData":{"createdAt":"2025-09-12T06:29:54.211Z"},"id":"/subscriptions/00000000-0000-0000-0000-000000000000/resourceGroups/azure_search_cli_test000001/providers/Microsoft.Search/searchServices/test000002","name":"test000002","type":"Microsoft.Search/searchServices","sku":{"name":"standard"}}'
    headers:
      cache-control:
      - no-cache
      content-length:
      - '1014'
      content-type:
      - application/json; charset=utf-8
      date:
      - Fri, 12 Sep 2025 06:30:54 GMT
      elapsed-time:
      - '56'
      etag:
      - W/"datetime'2025-09-12T06%3A29%3A54.2135762Z'"
      expires:
      - '-1'
      pragma:
      - no-cache
      request-id:
      - df161aa4-8fa1-11f0-929d-683421896a24
      strict-transport-security:
      - max-age=31536000; includeSubDomains
      x-cache:
      - CONFIG_NOCACHE
      x-content-type-options:
      - nosniff
      x-ms-ratelimit-remaining-subscription-global-reads:
      - '16499'
      x-msedge-ref:
      - 'Ref A: 65CF02AC63874613AA66AEB6429131E2 Ref B: MWH011020807060 Ref C: 2025-09-12T06:30:55Z'
    status:
      code: 200
      message: OK
- request:
    body: null
    headers:
      Accept:
      - '*/*'
      Accept-Encoding:
      - gzip, deflate
      CommandName:
      - search service create
      Connection:
      - keep-alive
      ParameterSetName:
      - -n -g --sku --ip-rules
      User-Agent:
      - AZURECLI/2.76.0 azsdk-python-core/1.35.0 Python/3.12.10 (Windows-11-10.0.26100-SP0)
    method: GET
    uri: https://management.azure.com/subscriptions/00000000-0000-0000-0000-000000000000/resourceGroups/azure_search_cli_test000001/providers/Microsoft.Search/searchServices/test000002?api-version=2025-05-01
  response:
    body:
      string: '{"location":"East US 2 EUAP","tags":{},"properties":{"replicaCount":1,"partitionCount":1,"endpoint":"https://test000002.search.windows.net","status":"provisioning","statusDetails":"","provisioningState":"provisioning","hostingMode":"default","computeType":"Default","publicNetworkAccess":"Enabled","networkRuleSet":{"ipRules":[{"value":"123.4.5.6"},{"value":"123.5.6.7"}],"bypass":"None"},"privateEndpointConnections":[],"sharedPrivateLinkResources":[],"encryptionWithCmk":{"enforcement":"Unspecified","encryptionComplianceStatus":"Compliant"},"disableLocalAuth":false,"authOptions":{"apiKeyOnly":{}},"dataExfiltrationProtections":[],"semanticSearch":"free","upgradeAvailable":"notAvailable","serviceUpgradedAt":null},"systemData":{"createdAt":"2025-09-12T06:29:54.211Z"},"id":"/subscriptions/00000000-0000-0000-0000-000000000000/resourceGroups/azure_search_cli_test000001/providers/Microsoft.Search/searchServices/test000002","name":"test000002","type":"Microsoft.Search/searchServices","sku":{"name":"standard"}}'
    headers:
      cache-control:
      - no-cache
      content-length:
      - '1014'
      content-type:
      - application/json; charset=utf-8
      date:
      - Fri, 12 Sep 2025 06:31:25 GMT
      elapsed-time:
      - '73'
      etag:
      - W/"datetime'2025-09-12T06%3A29%3A54.2135762Z'"
      expires:
      - '-1'
      pragma:
      - no-cache
      request-id:
      - df161aa4-8fa1-11f0-929d-683421896a24
      strict-transport-security:
      - max-age=31536000; includeSubDomains
      x-cache:
      - CONFIG_NOCACHE
      x-content-type-options:
      - nosniff
      x-ms-ratelimit-remaining-subscription-global-reads:
      - '16499'
      x-msedge-ref:
      - 'Ref A: 5131B38628A04B1A8BA8B120FD6097A5 Ref B: MWH011020808025 Ref C: 2025-09-12T06:31:25Z'
    status:
      code: 200
      message: OK
- request:
    body: null
    headers:
      Accept:
      - '*/*'
      Accept-Encoding:
      - gzip, deflate
      CommandName:
      - search service create
      Connection:
      - keep-alive
      ParameterSetName:
      - -n -g --sku --ip-rules
      User-Agent:
      - AZURECLI/2.76.0 azsdk-python-core/1.35.0 Python/3.12.10 (Windows-11-10.0.26100-SP0)
    method: GET
    uri: https://management.azure.com/subscriptions/00000000-0000-0000-0000-000000000000/resourceGroups/azure_search_cli_test000001/providers/Microsoft.Search/searchServices/test000002?api-version=2025-05-01
  response:
    body:
      string: '{"location":"East US 2 EUAP","tags":{},"properties":{"replicaCount":1,"partitionCount":1,"endpoint":"https://test000002.search.windows.net","status":"provisioning","statusDetails":"","provisioningState":"provisioning","hostingMode":"default","computeType":"Default","publicNetworkAccess":"Enabled","networkRuleSet":{"ipRules":[{"value":"123.4.5.6"},{"value":"123.5.6.7"}],"bypass":"None"},"privateEndpointConnections":[],"sharedPrivateLinkResources":[],"encryptionWithCmk":{"enforcement":"Unspecified","encryptionComplianceStatus":"Compliant"},"disableLocalAuth":false,"authOptions":{"apiKeyOnly":{}},"dataExfiltrationProtections":[],"semanticSearch":"free","upgradeAvailable":"notAvailable","serviceUpgradedAt":null},"systemData":{"createdAt":"2025-09-12T06:29:54.211Z"},"id":"/subscriptions/00000000-0000-0000-0000-000000000000/resourceGroups/azure_search_cli_test000001/providers/Microsoft.Search/searchServices/test000002","name":"test000002","type":"Microsoft.Search/searchServices","sku":{"name":"standard"}}'
    headers:
      cache-control:
      - no-cache
      content-length:
      - '1014'
      content-type:
      - application/json; charset=utf-8
      date:
      - Fri, 12 Sep 2025 06:31:56 GMT
      elapsed-time:
      - '69'
      etag:
      - W/"datetime'2025-09-12T06%3A29%3A54.2135762Z'"
      expires:
      - '-1'
      pragma:
      - no-cache
      request-id:
      - df161aa4-8fa1-11f0-929d-683421896a24
      strict-transport-security:
      - max-age=31536000; includeSubDomains
      x-cache:
      - CONFIG_NOCACHE
      x-content-type-options:
      - nosniff
      x-ms-ratelimit-remaining-subscription-global-reads:
      - '16499'
      x-msedge-ref:
      - 'Ref A: DE69F1088F5E404B82787B1FDE452AAE Ref B: MWH011020808023 Ref C: 2025-09-12T06:31:56Z'
    status:
      code: 200
      message: OK
- request:
    body: null
    headers:
      Accept:
      - '*/*'
      Accept-Encoding:
      - gzip, deflate
      CommandName:
      - search service create
      Connection:
      - keep-alive
      ParameterSetName:
      - -n -g --sku --ip-rules
      User-Agent:
      - AZURECLI/2.76.0 azsdk-python-core/1.35.0 Python/3.12.10 (Windows-11-10.0.26100-SP0)
    method: GET
    uri: https://management.azure.com/subscriptions/00000000-0000-0000-0000-000000000000/resourceGroups/azure_search_cli_test000001/providers/Microsoft.Search/searchServices/test000002?api-version=2025-05-01
  response:
    body:
      string: '{"location":"East US 2 EUAP","tags":{},"properties":{"replicaCount":1,"partitionCount":1,"endpoint":"https://test000002.search.windows.net","status":"provisioning","statusDetails":"","provisioningState":"provisioning","hostingMode":"default","computeType":"Default","publicNetworkAccess":"Enabled","networkRuleSet":{"ipRules":[{"value":"123.4.5.6"},{"value":"123.5.6.7"}],"bypass":"None"},"privateEndpointConnections":[],"sharedPrivateLinkResources":[],"encryptionWithCmk":{"enforcement":"Unspecified","encryptionComplianceStatus":"Compliant"},"disableLocalAuth":false,"authOptions":{"apiKeyOnly":{}},"dataExfiltrationProtections":[],"semanticSearch":"free","upgradeAvailable":"notAvailable","serviceUpgradedAt":null},"systemData":{"createdAt":"2025-09-12T06:29:54.211Z"},"id":"/subscriptions/00000000-0000-0000-0000-000000000000/resourceGroups/azure_search_cli_test000001/providers/Microsoft.Search/searchServices/test000002","name":"test000002","type":"Microsoft.Search/searchServices","sku":{"name":"standard"}}'
    headers:
      cache-control:
      - no-cache
      content-length:
      - '1014'
      content-type:
      - application/json; charset=utf-8
      date:
      - Fri, 12 Sep 2025 06:32:26 GMT
      elapsed-time:
      - '59'
      etag:
      - W/"datetime'2025-09-12T06%3A29%3A54.2135762Z'"
      expires:
      - '-1'
      pragma:
      - no-cache
      request-id:
      - df161aa4-8fa1-11f0-929d-683421896a24
      strict-transport-security:
      - max-age=31536000; includeSubDomains
      x-cache:
      - CONFIG_NOCACHE
      x-content-type-options:
      - nosniff
      x-ms-throttling-version:
      - v2
      x-msedge-ref:
      - 'Ref A: DBF2E2DDC48D4065821F53FC233C4306 Ref B: CO6AA3150218033 Ref C: 2025-09-12T06:32:26Z'
    status:
      code: 200
      message: OK
- request:
    body: null
    headers:
      Accept:
      - '*/*'
      Accept-Encoding:
      - gzip, deflate
      CommandName:
      - search service create
      Connection:
      - keep-alive
      ParameterSetName:
      - -n -g --sku --ip-rules
      User-Agent:
      - AZURECLI/2.76.0 azsdk-python-core/1.35.0 Python/3.12.10 (Windows-11-10.0.26100-SP0)
    method: GET
    uri: https://management.azure.com/subscriptions/00000000-0000-0000-0000-000000000000/resourceGroups/azure_search_cli_test000001/providers/Microsoft.Search/searchServices/test000002?api-version=2025-05-01
  response:
    body:
      string: '{"location":"East US 2 EUAP","tags":{},"properties":{"replicaCount":1,"partitionCount":1,"endpoint":"https://test000002.search.windows.net","status":"provisioning","statusDetails":"","provisioningState":"provisioning","hostingMode":"default","computeType":"Default","publicNetworkAccess":"Enabled","networkRuleSet":{"ipRules":[{"value":"123.4.5.6"},{"value":"123.5.6.7"}],"bypass":"None"},"privateEndpointConnections":[],"sharedPrivateLinkResources":[],"encryptionWithCmk":{"enforcement":"Unspecified","encryptionComplianceStatus":"Compliant"},"disableLocalAuth":false,"authOptions":{"apiKeyOnly":{}},"dataExfiltrationProtections":[],"semanticSearch":"free","upgradeAvailable":"notAvailable","serviceUpgradedAt":null},"systemData":{"createdAt":"2025-09-12T06:29:54.211Z"},"id":"/subscriptions/00000000-0000-0000-0000-000000000000/resourceGroups/azure_search_cli_test000001/providers/Microsoft.Search/searchServices/test000002","name":"test000002","type":"Microsoft.Search/searchServices","sku":{"name":"standard"}}'
    headers:
      cache-control:
      - no-cache
      content-length:
      - '1014'
      content-type:
      - application/json; charset=utf-8
      date:
      - Fri, 12 Sep 2025 06:32:56 GMT
      elapsed-time:
      - '113'
      etag:
      - W/"datetime'2025-09-12T06%3A29%3A54.2135762Z'"
      expires:
      - '-1'
      pragma:
      - no-cache
      request-id:
      - df161aa4-8fa1-11f0-929d-683421896a24
      strict-transport-security:
      - max-age=31536000; includeSubDomains
      x-cache:
      - CONFIG_NOCACHE
      x-content-type-options:
      - nosniff
      x-ms-throttling-version:
      - v2
      x-msedge-ref:
      - 'Ref A: 99112C283138407FB69E20F96779C987 Ref B: CO6AA3150219049 Ref C: 2025-09-12T06:32:56Z'
    status:
      code: 200
      message: OK
- request:
    body: null
    headers:
      Accept:
      - '*/*'
      Accept-Encoding:
      - gzip, deflate
      CommandName:
      - search service create
      Connection:
      - keep-alive
      ParameterSetName:
      - -n -g --sku --ip-rules
      User-Agent:
      - AZURECLI/2.76.0 azsdk-python-core/1.35.0 Python/3.12.10 (Windows-11-10.0.26100-SP0)
    method: GET
    uri: https://management.azure.com/subscriptions/00000000-0000-0000-0000-000000000000/resourceGroups/azure_search_cli_test000001/providers/Microsoft.Search/searchServices/test000002?api-version=2025-05-01
  response:
    body:
      string: '{"location":"East US 2 EUAP","tags":{},"properties":{"replicaCount":1,"partitionCount":1,"endpoint":"https://test000002.search.windows.net","status":"provisioning","statusDetails":"","provisioningState":"provisioning","hostingMode":"default","computeType":"Default","publicNetworkAccess":"Enabled","networkRuleSet":{"ipRules":[{"value":"123.4.5.6"},{"value":"123.5.6.7"}],"bypass":"None"},"privateEndpointConnections":[],"sharedPrivateLinkResources":[],"encryptionWithCmk":{"enforcement":"Unspecified","encryptionComplianceStatus":"Compliant"},"disableLocalAuth":false,"authOptions":{"apiKeyOnly":{}},"dataExfiltrationProtections":[],"semanticSearch":"free","upgradeAvailable":"notAvailable","serviceUpgradedAt":null},"systemData":{"createdAt":"2025-09-12T06:29:54.211Z"},"id":"/subscriptions/00000000-0000-0000-0000-000000000000/resourceGroups/azure_search_cli_test000001/providers/Microsoft.Search/searchServices/test000002","name":"test000002","type":"Microsoft.Search/searchServices","sku":{"name":"standard"}}'
    headers:
      cache-control:
      - no-cache
      content-length:
      - '1014'
      content-type:
      - application/json; charset=utf-8
      date:
      - Fri, 12 Sep 2025 06:33:26 GMT
      elapsed-time:
      - '67'
      etag:
      - W/"datetime'2025-09-12T06%3A29%3A54.2135762Z'"
      expires:
      - '-1'
      pragma:
      - no-cache
      request-id:
      - df161aa4-8fa1-11f0-929d-683421896a24
      strict-transport-security:
      - max-age=31536000; includeSubDomains
      x-cache:
      - CONFIG_NOCACHE
      x-content-type-options:
      - nosniff
      x-ms-throttling-version:
      - v2
      x-msedge-ref:
      - 'Ref A: 7D193C41161B4447AFA1D9595297E96D Ref B: CO6AA3150217021 Ref C: 2025-09-12T06:33:27Z'
    status:
      code: 200
      message: OK
- request:
    body: null
    headers:
      Accept:
      - '*/*'
      Accept-Encoding:
      - gzip, deflate
      CommandName:
      - search service create
      Connection:
      - keep-alive
      ParameterSetName:
      - -n -g --sku --ip-rules
      User-Agent:
      - AZURECLI/2.76.0 azsdk-python-core/1.35.0 Python/3.12.10 (Windows-11-10.0.26100-SP0)
    method: GET
    uri: https://management.azure.com/subscriptions/00000000-0000-0000-0000-000000000000/resourceGroups/azure_search_cli_test000001/providers/Microsoft.Search/searchServices/test000002?api-version=2025-05-01
  response:
    body:
      string: '{"location":"East US 2 EUAP","tags":{},"properties":{"replicaCount":1,"partitionCount":1,"endpoint":"https://test000002.search.windows.net","status":"provisioning","statusDetails":"","provisioningState":"provisioning","hostingMode":"default","computeType":"Default","publicNetworkAccess":"Enabled","networkRuleSet":{"ipRules":[{"value":"123.4.5.6"},{"value":"123.5.6.7"}],"bypass":"None"},"privateEndpointConnections":[],"sharedPrivateLinkResources":[],"encryptionWithCmk":{"enforcement":"Unspecified","encryptionComplianceStatus":"Compliant"},"disableLocalAuth":false,"authOptions":{"apiKeyOnly":{}},"dataExfiltrationProtections":[],"semanticSearch":"free","upgradeAvailable":"notAvailable","serviceUpgradedAt":null},"systemData":{"createdAt":"2025-09-12T06:29:54.211Z"},"id":"/subscriptions/00000000-0000-0000-0000-000000000000/resourceGroups/azure_search_cli_test000001/providers/Microsoft.Search/searchServices/test000002","name":"test000002","type":"Microsoft.Search/searchServices","sku":{"name":"standard"}}'
    headers:
      cache-control:
      - no-cache
      content-length:
      - '1014'
      content-type:
      - application/json; charset=utf-8
      date:
      - Fri, 12 Sep 2025 06:33:58 GMT
      elapsed-time:
      - '64'
      etag:
      - W/"datetime'2025-09-12T06%3A29%3A54.2135762Z'"
      expires:
      - '-1'
      pragma:
      - no-cache
      request-id:
      - df161aa4-8fa1-11f0-929d-683421896a24
      strict-transport-security:
      - max-age=31536000; includeSubDomains
      x-cache:
      - CONFIG_NOCACHE
      x-content-type-options:
      - nosniff
      x-ms-ratelimit-remaining-subscription-global-reads:
      - '16499'
      x-msedge-ref:
      - 'Ref A: FBABB0BDB96C4B7282C402C645780893 Ref B: MWH011020806036 Ref C: 2025-09-12T06:33:57Z'
    status:
      code: 200
      message: OK
- request:
    body: null
    headers:
      Accept:
      - '*/*'
      Accept-Encoding:
      - gzip, deflate
      CommandName:
      - search service create
      Connection:
      - keep-alive
      ParameterSetName:
      - -n -g --sku --ip-rules
      User-Agent:
      - AZURECLI/2.76.0 azsdk-python-core/1.35.0 Python/3.12.10 (Windows-11-10.0.26100-SP0)
    method: GET
    uri: https://management.azure.com/subscriptions/00000000-0000-0000-0000-000000000000/resourceGroups/azure_search_cli_test000001/providers/Microsoft.Search/searchServices/test000002?api-version=2025-05-01
  response:
    body:
      string: '{"location":"East US 2 EUAP","tags":{},"properties":{"replicaCount":1,"partitionCount":1,"endpoint":"https://test000002.search.windows.net","status":"provisioning","statusDetails":"","provisioningState":"provisioning","hostingMode":"default","computeType":"Default","publicNetworkAccess":"Enabled","networkRuleSet":{"ipRules":[{"value":"123.4.5.6"},{"value":"123.5.6.7"}],"bypass":"None"},"privateEndpointConnections":[],"sharedPrivateLinkResources":[],"encryptionWithCmk":{"enforcement":"Unspecified","encryptionComplianceStatus":"Compliant"},"disableLocalAuth":false,"authOptions":{"apiKeyOnly":{}},"dataExfiltrationProtections":[],"semanticSearch":"free","upgradeAvailable":"notAvailable","serviceUpgradedAt":null},"systemData":{"createdAt":"2025-09-12T06:29:54.211Z"},"id":"/subscriptions/00000000-0000-0000-0000-000000000000/resourceGroups/azure_search_cli_test000001/providers/Microsoft.Search/searchServices/test000002","name":"test000002","type":"Microsoft.Search/searchServices","sku":{"name":"standard"}}'
    headers:
      cache-control:
      - no-cache
      content-length:
      - '1014'
      content-type:
      - application/json; charset=utf-8
      date:
      - Fri, 12 Sep 2025 06:34:27 GMT
      elapsed-time:
      - '64'
      etag:
      - W/"datetime'2025-09-12T06%3A29%3A54.2135762Z'"
      expires:
      - '-1'
      pragma:
      - no-cache
      request-id:
      - df161aa4-8fa1-11f0-929d-683421896a24
      strict-transport-security:
      - max-age=31536000; includeSubDomains
      x-cache:
      - CONFIG_NOCACHE
      x-content-type-options:
      - nosniff
      x-ms-throttling-version:
      - v2
      x-msedge-ref:
      - 'Ref A: 41BCDC9AA9E34E47B195DEBE5D60C003 Ref B: CO6AA3150220047 Ref C: 2025-09-12T06:34:28Z'
    status:
      code: 200
      message: OK
- request:
    body: null
    headers:
      Accept:
      - '*/*'
      Accept-Encoding:
      - gzip, deflate
      CommandName:
      - search service create
      Connection:
      - keep-alive
      ParameterSetName:
      - -n -g --sku --ip-rules
      User-Agent:
      - AZURECLI/2.76.0 azsdk-python-core/1.35.0 Python/3.12.10 (Windows-11-10.0.26100-SP0)
    method: GET
    uri: https://management.azure.com/subscriptions/00000000-0000-0000-0000-000000000000/resourceGroups/azure_search_cli_test000001/providers/Microsoft.Search/searchServices/test000002?api-version=2025-05-01
  response:
    body:
      string: '{"location":"East US 2 EUAP","tags":{},"properties":{"replicaCount":1,"partitionCount":1,"endpoint":"https://test000002.search.windows.net","status":"provisioning","statusDetails":"","provisioningState":"provisioning","hostingMode":"default","computeType":"Default","publicNetworkAccess":"Enabled","networkRuleSet":{"ipRules":[{"value":"123.4.5.6"},{"value":"123.5.6.7"}],"bypass":"None"},"privateEndpointConnections":[],"sharedPrivateLinkResources":[],"encryptionWithCmk":{"enforcement":"Unspecified","encryptionComplianceStatus":"Compliant"},"disableLocalAuth":false,"authOptions":{"apiKeyOnly":{}},"dataExfiltrationProtections":[],"semanticSearch":"free","upgradeAvailable":"notAvailable","serviceUpgradedAt":null},"systemData":{"createdAt":"2025-09-12T06:29:54.211Z"},"id":"/subscriptions/00000000-0000-0000-0000-000000000000/resourceGroups/azure_search_cli_test000001/providers/Microsoft.Search/searchServices/test000002","name":"test000002","type":"Microsoft.Search/searchServices","sku":{"name":"standard"}}'
    headers:
      cache-control:
      - no-cache
      content-length:
      - '1014'
      content-type:
      - application/json; charset=utf-8
      date:
      - Fri, 12 Sep 2025 06:34:58 GMT
      elapsed-time:
      - '101'
      etag:
      - W/"datetime'2025-09-12T06%3A29%3A54.2135762Z'"
      expires:
      - '-1'
      pragma:
      - no-cache
      request-id:
      - df161aa4-8fa1-11f0-929d-683421896a24
      strict-transport-security:
      - max-age=31536000; includeSubDomains
      x-cache:
      - CONFIG_NOCACHE
      x-content-type-options:
      - nosniff
      x-ms-throttling-version:
      - v2
      x-msedge-ref:
      - 'Ref A: 80680A3370D24FE69D7C9EC22AF25CD4 Ref B: MWH011020806031 Ref C: 2025-09-12T06:34:58Z'
    status:
      code: 200
      message: OK
- request:
    body: null
    headers:
      Accept:
      - '*/*'
      Accept-Encoding:
      - gzip, deflate
      CommandName:
      - search service create
      Connection:
      - keep-alive
      ParameterSetName:
      - -n -g --sku --ip-rules
      User-Agent:
      - AZURECLI/2.76.0 azsdk-python-core/1.35.0 Python/3.12.10 (Windows-11-10.0.26100-SP0)
    method: GET
    uri: https://management.azure.com/subscriptions/00000000-0000-0000-0000-000000000000/resourceGroups/azure_search_cli_test000001/providers/Microsoft.Search/searchServices/test000002?api-version=2025-05-01
  response:
    body:
      string: '{"location":"East US 2 EUAP","tags":{},"properties":{"replicaCount":1,"partitionCount":1,"endpoint":"https://test000002.search.windows.net","status":"running","statusDetails":"","provisioningState":"succeeded","hostingMode":"default","computeType":"Default","publicNetworkAccess":"Enabled","networkRuleSet":{"ipRules":[{"value":"123.4.5.6"},{"value":"123.5.6.7"}],"bypass":"None"},"privateEndpointConnections":[],"sharedPrivateLinkResources":[],"encryptionWithCmk":{"enforcement":"Unspecified","encryptionComplianceStatus":"Compliant"},"disableLocalAuth":false,"authOptions":{"apiKeyOnly":{}},"dataExfiltrationProtections":[],"semanticSearch":"free","upgradeAvailable":"notAvailable","serviceUpgradedAt":null},"systemData":{"createdAt":"2025-09-12T06:29:54.211Z"},"id":"/subscriptions/00000000-0000-0000-0000-000000000000/resourceGroups/azure_search_cli_test000001/providers/Microsoft.Search/searchServices/test000002","name":"test000002","type":"Microsoft.Search/searchServices","sku":{"name":"standard"}}'
    headers:
      cache-control:
      - no-cache
      content-length:
      - '1006'
      content-type:
      - application/json; charset=utf-8
      date:
      - Fri, 12 Sep 2025 07:37:52 GMT
      elapsed-time:
      - '61'
      etag:
      - W/"datetime'2025-09-12T06%3A29%3A54.2135762Z'"
      expires:
      - '-1'
      pragma:
      - no-cache
      request-id:
      - df161aa4-8fa1-11f0-929d-683421896a24
      strict-transport-security:
      - max-age=31536000; includeSubDomains
      x-cache:
      - CONFIG_NOCACHE
      x-content-type-options:
      - nosniff
      x-ms-throttling-version:
      - v2
      x-msedge-ref:
      - 'Ref A: 7E0D6AF5CABA4A3F801D3A185CD0434A Ref B: CO6AA3150219053 Ref C: 2025-09-12T07:37:51Z'
    status:
      code: 200
      message: OK
- request:
    body: null
    headers:
      Accept:
      - application/json
      Accept-Encoding:
      - gzip, deflate
      CommandName:
      - search service update
      Connection:
      - keep-alive
      ParameterSetName:
      - -n -g --ip-rules
      User-Agent:
      - AZURECLI/2.76.0 azsdk-python-core/1.35.0 Python/3.12.10 (Windows-11-10.0.26100-SP0)
    method: GET
    uri: https://management.azure.com/subscriptions/00000000-0000-0000-0000-000000000000/resourceGroups/azure_search_cli_test000001/providers/Microsoft.Search/searchServices/test000002?api-version=2025-05-01
  response:
    body:
      string: '{"location":"East US 2 EUAP","tags":{},"properties":{"replicaCount":1,"partitionCount":1,"endpoint":"https://test000002.search.windows.net","status":"running","statusDetails":"","provisioningState":"succeeded","hostingMode":"default","computeType":"Default","publicNetworkAccess":"Enabled","networkRuleSet":{"ipRules":[{"value":"123.4.5.6"},{"value":"123.5.6.7"}],"bypass":"None"},"privateEndpointConnections":[],"sharedPrivateLinkResources":[],"encryptionWithCmk":{"enforcement":"Unspecified","encryptionComplianceStatus":"Compliant"},"disableLocalAuth":false,"authOptions":{"apiKeyOnly":{}},"dataExfiltrationProtections":[],"semanticSearch":"free","upgradeAvailable":"notAvailable","serviceUpgradedAt":null},"systemData":{"createdAt":"2025-09-12T06:29:54.211Z"},"id":"/subscriptions/00000000-0000-0000-0000-000000000000/resourceGroups/azure_search_cli_test000001/providers/Microsoft.Search/searchServices/test000002","name":"test000002","type":"Microsoft.Search/searchServices","sku":{"name":"standard"}}'
    headers:
      cache-control:
      - no-cache
      content-length:
      - '1006'
      content-type:
      - application/json; charset=utf-8
      date:
      - Fri, 12 Sep 2025 07:37:52 GMT
      elapsed-time:
      - '68'
      etag:
      - W/"datetime'2025-09-12T06%3A29%3A54.2135762Z'"
      expires:
      - '-1'
      pragma:
      - no-cache
      request-id:
      - 637b4a8c-8fab-11f0-9518-683421896a24
      strict-transport-security:
      - max-age=31536000; includeSubDomains
      x-cache:
      - CONFIG_NOCACHE
      x-content-type-options:
      - nosniff
      x-ms-throttling-version:
      - v2
      x-msedge-ref:
      - 'Ref A: BF4AAC32799E44DEBD9DA80148C713F0 Ref B: CO6AA3150217035 Ref C: 2025-09-12T07:37:52Z'
    status:
      code: 200
      message: OK
- request:
    body: '{"location": "East US 2 EUAP", "properties": {"authOptions": {"apiKeyOnly":
      {}}, "dataExfiltrationProtections": [], "disableLocalAuth": false, "encryptionWithCmk":
      {"enforcement": "Unspecified"}, "hostingMode": "default", "networkRuleSet":
      {"ipRules": [{"value": "123.4.5.6"}, {"value": "123.5.6.7"}, {"value": "123.6.7.8"}]},
      "partitionCount": 1, "publicNetworkAccess": "Enabled", "replicaCount": 1, "semanticSearch":
      "free", "upgradeAvailable": "notAvailable"}, "sku": {"name": "standard"}, "tags":
      {}}'
    headers:
      Accept:
      - application/json
      Accept-Encoding:
      - gzip, deflate
      CommandName:
      - search service update
      Connection:
      - keep-alive
      Content-Length:
      - '504'
      Content-Type:
      - application/json
      ParameterSetName:
      - -n -g --ip-rules
      User-Agent:
      - AZURECLI/2.76.0 azsdk-python-core/1.35.0 Python/3.12.10 (Windows-11-10.0.26100-SP0)
    method: PUT
    uri: https://management.azure.com/subscriptions/00000000-0000-0000-0000-000000000000/resourceGroups/azure_search_cli_test000001/providers/Microsoft.Search/searchServices/test000002?api-version=2025-05-01
  response:
    body:
      string: '{"location":"East US 2 EUAP","tags":{},"properties":{"replicaCount":1,"partitionCount":1,"endpoint":"https://test000002.search.windows.net","status":"provisioning","statusDetails":"","provisioningState":"provisioning","hostingMode":"default","computeType":"Default","publicNetworkAccess":"Enabled","networkRuleSet":{"ipRules":[{"value":"123.4.5.6"},{"value":"123.5.6.7"},{"value":"123.6.7.8"}],"bypass":"None"},"privateEndpointConnections":[],"sharedPrivateLinkResources":[],"encryptionWithCmk":{"enforcement":"Unspecified","encryptionComplianceStatus":"Compliant"},"disableLocalAuth":false,"authOptions":{"apiKeyOnly":{}},"dataExfiltrationProtections":[],"semanticSearch":"free","upgradeAvailable":"notAvailable","serviceUpgradedAt":null},"systemData":{"createdAt":"2025-09-12T06:29:54.211Z"},"id":"/subscriptions/00000000-0000-0000-0000-000000000000/resourceGroups/azure_search_cli_test000001/providers/Microsoft.Search/searchServices/test000002","name":"test000002","type":"Microsoft.Search/searchServices","sku":{"name":"standard"}}'
    headers:
      cache-control:
      - no-cache
      content-length:
      - '1036'
      content-type:
      - application/json; charset=utf-8
      date:
      - Fri, 12 Sep 2025 07:37:53 GMT
      elapsed-time:
      - '359'
      etag:
      - W/"datetime'2025-09-12T07%3A37%3A54.1573481Z'"
      expires:
      - '-1'
      pragma:
      - no-cache
      request-id:
      - 637b4a8c-8fab-11f0-9518-683421896a24
      strict-transport-security:
      - max-age=31536000; includeSubDomains
      x-cache:
      - CONFIG_NOCACHE
      x-content-type-options:
      - nosniff
      x-ms-operation-identifier:
      - tenantId=72f988bf-86f1-41af-91ab-2d7cd011db47,objectId=36c383ff-e0fb-4818-8b53-3e88239797c1/westcentralus/eb6ede0b-145c-441d-84b6-582a606fd37a
      x-ms-ratelimit-remaining-subscription-global-writes:
      - '11999'
      x-ms-ratelimit-remaining-subscription-writes:
      - '799'
      x-msedge-ref:
      - 'Ref A: 375D2EC176C54498BCE0952880BC88FE Ref B: MWH011020808034 Ref C: 2025-09-12T07:37:53Z'
    status:
      code: 200
      message: OK
- request:
    body: null
    headers:
      Accept:
      - '*/*'
      Accept-Encoding:
      - gzip, deflate
      CommandName:
      - search service update
      Connection:
      - keep-alive
      ParameterSetName:
      - -n -g --ip-rules
      User-Agent:
      - AZURECLI/2.76.0 azsdk-python-core/1.35.0 Python/3.12.10 (Windows-11-10.0.26100-SP0)
    method: GET
    uri: https://management.azure.com/subscriptions/00000000-0000-0000-0000-000000000000/resourceGroups/azure_search_cli_test000001/providers/Microsoft.Search/searchServices/test000002?api-version=2025-05-01
  response:
    body:
      string: '{"location":"East US 2 EUAP","tags":{},"properties":{"replicaCount":1,"partitionCount":1,"endpoint":"https://test000002.search.windows.net","status":"provisioning","statusDetails":"","provisioningState":"provisioning","hostingMode":"default","computeType":"Default","publicNetworkAccess":"Enabled","networkRuleSet":{"ipRules":[{"value":"123.4.5.6"},{"value":"123.5.6.7"},{"value":"123.6.7.8"}],"bypass":"None"},"privateEndpointConnections":[],"sharedPrivateLinkResources":[],"encryptionWithCmk":{"enforcement":"Unspecified","encryptionComplianceStatus":"Compliant"},"disableLocalAuth":false,"authOptions":{"apiKeyOnly":{}},"dataExfiltrationProtections":[],"semanticSearch":"free","upgradeAvailable":"notAvailable","serviceUpgradedAt":null},"systemData":{"createdAt":"2025-09-12T06:29:54.211Z"},"id":"/subscriptions/00000000-0000-0000-0000-000000000000/resourceGroups/azure_search_cli_test000001/providers/Microsoft.Search/searchServices/test000002","name":"test000002","type":"Microsoft.Search/searchServices","sku":{"name":"standard"}}'
    headers:
      cache-control:
      - no-cache
      content-length:
      - '1036'
      content-type:
      - application/json; charset=utf-8
      date:
      - Fri, 12 Sep 2025 07:37:54 GMT
      elapsed-time:
      - '60'
      etag:
      - W/"datetime'2025-09-12T07%3A37%3A54.1573481Z'"
      expires:
      - '-1'
      pragma:
      - no-cache
      request-id:
      - 637b4a8c-8fab-11f0-9518-683421896a24
      strict-transport-security:
      - max-age=31536000; includeSubDomains
      x-cache:
      - CONFIG_NOCACHE
      x-content-type-options:
      - nosniff
      x-ms-throttling-version:
      - v2
      x-msedge-ref:
      - 'Ref A: 804DB1C183B4429997AEAF87FB67A8E9 Ref B: CO6AA3150219049 Ref C: 2025-09-12T07:37:54Z'
    status:
      code: 200
      message: OK
- request:
    body: null
    headers:
      Accept:
      - '*/*'
      Accept-Encoding:
      - gzip, deflate
      CommandName:
      - search service update
      Connection:
      - keep-alive
      ParameterSetName:
      - -n -g --ip-rules
      User-Agent:
      - AZURECLI/2.76.0 azsdk-python-core/1.35.0 Python/3.12.10 (Windows-11-10.0.26100-SP0)
    method: GET
    uri: https://management.azure.com/subscriptions/00000000-0000-0000-0000-000000000000/resourceGroups/azure_search_cli_test000001/providers/Microsoft.Search/searchServices/test000002?api-version=2025-05-01
  response:
    body:
      string: '{"location":"East US 2 EUAP","tags":{},"properties":{"replicaCount":1,"partitionCount":1,"endpoint":"https://test000002.search.windows.net","status":"provisioning","statusDetails":"","provisioningState":"provisioning","hostingMode":"default","computeType":"Default","publicNetworkAccess":"Enabled","networkRuleSet":{"ipRules":[{"value":"123.4.5.6"},{"value":"123.5.6.7"},{"value":"123.6.7.8"}],"bypass":"None"},"privateEndpointConnections":[],"sharedPrivateLinkResources":[],"encryptionWithCmk":{"enforcement":"Unspecified","encryptionComplianceStatus":"Compliant"},"disableLocalAuth":false,"authOptions":{"apiKeyOnly":{}},"dataExfiltrationProtections":[],"semanticSearch":"free","upgradeAvailable":"notAvailable","serviceUpgradedAt":null},"systemData":{"createdAt":"2025-09-12T06:29:54.211Z"},"id":"/subscriptions/00000000-0000-0000-0000-000000000000/resourceGroups/azure_search_cli_test000001/providers/Microsoft.Search/searchServices/test000002","name":"test000002","type":"Microsoft.Search/searchServices","sku":{"name":"standard"}}'
    headers:
      cache-control:
      - no-cache
      content-length:
      - '1036'
      content-type:
      - application/json; charset=utf-8
      date:
      - Fri, 12 Sep 2025 07:38:24 GMT
      elapsed-time:
      - '77'
      etag:
      - W/"datetime'2025-09-12T07%3A37%3A54.1573481Z'"
      expires:
      - '-1'
      pragma:
      - no-cache
      request-id:
      - 637b4a8c-8fab-11f0-9518-683421896a24
      strict-transport-security:
      - max-age=31536000; includeSubDomains
      x-cache:
      - CONFIG_NOCACHE
      x-content-type-options:
      - nosniff
      x-ms-throttling-version:
      - v2
      x-msedge-ref:
      - 'Ref A: BB463C00F7BC4C65AADD164337E59377 Ref B: MWH011020808036 Ref C: 2025-09-12T07:38:24Z'
    status:
      code: 200
      message: OK
- request:
    body: null
    headers:
      Accept:
      - '*/*'
      Accept-Encoding:
      - gzip, deflate
      CommandName:
      - search service update
      Connection:
      - keep-alive
      ParameterSetName:
      - -n -g --ip-rules
      User-Agent:
      - AZURECLI/2.76.0 azsdk-python-core/1.35.0 Python/3.12.10 (Windows-11-10.0.26100-SP0)
    method: GET
    uri: https://management.azure.com/subscriptions/00000000-0000-0000-0000-000000000000/resourceGroups/azure_search_cli_test000001/providers/Microsoft.Search/searchServices/test000002?api-version=2025-05-01
  response:
    body:
      string: '{"location":"East US 2 EUAP","tags":{},"properties":{"replicaCount":1,"partitionCount":1,"endpoint":"https://test000002.search.windows.net","status":"running","statusDetails":"","provisioningState":"succeeded","hostingMode":"default","computeType":"Default","publicNetworkAccess":"Enabled","networkRuleSet":{"ipRules":[{"value":"123.4.5.6"},{"value":"123.5.6.7"},{"value":"123.6.7.8"}],"bypass":"None"},"privateEndpointConnections":[],"sharedPrivateLinkResources":[],"encryptionWithCmk":{"enforcement":"Unspecified","encryptionComplianceStatus":"Compliant"},"disableLocalAuth":false,"authOptions":{"apiKeyOnly":{}},"dataExfiltrationProtections":[],"semanticSearch":"free","upgradeAvailable":"notAvailable","serviceUpgradedAt":null},"systemData":{"createdAt":"2025-09-12T06:29:54.211Z"},"id":"/subscriptions/00000000-0000-0000-0000-000000000000/resourceGroups/azure_search_cli_test000001/providers/Microsoft.Search/searchServices/test000002","name":"test000002","type":"Microsoft.Search/searchServices","sku":{"name":"standard"}}'
    headers:
      cache-control:
      - no-cache
      content-length:
      - '1028'
      content-type:
      - application/json; charset=utf-8
      date:
      - Fri, 12 Sep 2025 07:38:54 GMT
      elapsed-time:
      - '64'
      etag:
      - W/"datetime'2025-09-12T07%3A37%3A54.1573481Z'"
      expires:
      - '-1'
      pragma:
      - no-cache
      request-id:
      - 637b4a8c-8fab-11f0-9518-683421896a24
      strict-transport-security:
      - max-age=31536000; includeSubDomains
      x-cache:
      - CONFIG_NOCACHE
      x-content-type-options:
      - nosniff
      x-ms-throttling-version:
      - v2
      x-msedge-ref:
      - 'Ref A: EEDE1AC874FA4FDBB1BBCE81304529F5 Ref B: CO6AA3150218011 Ref C: 2025-09-12T07:38:55Z'
    status:
      code: 200
      message: OK
- request:
    body: null
    headers:
      Accept:
      - application/json
      Accept-Encoding:
      - gzip, deflate
      CommandName:
      - search service update
      Connection:
      - keep-alive
      ParameterSetName:
      - -n -g --ip-rules
      User-Agent:
      - AZURECLI/2.76.0 azsdk-python-core/1.35.0 Python/3.12.10 (Windows-11-10.0.26100-SP0)
    method: GET
    uri: https://management.azure.com/subscriptions/00000000-0000-0000-0000-000000000000/resourceGroups/azure_search_cli_test000001/providers/Microsoft.Search/searchServices/test000002?api-version=2025-05-01
  response:
    body:
      string: '{"location":"East US 2 EUAP","tags":{},"properties":{"replicaCount":1,"partitionCount":1,"endpoint":"https://test000002.search.windows.net","status":"running","statusDetails":"","provisioningState":"succeeded","hostingMode":"default","computeType":"Default","publicNetworkAccess":"Enabled","networkRuleSet":{"ipRules":[{"value":"123.4.5.6"},{"value":"123.5.6.7"},{"value":"123.6.7.8"}],"bypass":"None"},"privateEndpointConnections":[],"sharedPrivateLinkResources":[],"encryptionWithCmk":{"enforcement":"Unspecified","encryptionComplianceStatus":"Compliant"},"disableLocalAuth":false,"authOptions":{"apiKeyOnly":{}},"dataExfiltrationProtections":[],"semanticSearch":"free","upgradeAvailable":"notAvailable","serviceUpgradedAt":null},"systemData":{"createdAt":"2025-09-12T06:29:54.211Z"},"id":"/subscriptions/00000000-0000-0000-0000-000000000000/resourceGroups/azure_search_cli_test000001/providers/Microsoft.Search/searchServices/test000002","name":"test000002","type":"Microsoft.Search/searchServices","sku":{"name":"standard"}}'
    headers:
      cache-control:
      - no-cache
      content-length:
      - '1028'
      content-type:
      - application/json; charset=utf-8
      date:
      - Fri, 12 Sep 2025 07:38:56 GMT
      elapsed-time:
      - '56'
      etag:
      - W/"datetime'2025-09-12T07%3A37%3A54.1573481Z'"
      expires:
      - '-1'
      pragma:
      - no-cache
      request-id:
      - 892da0ca-8fab-11f0-a35e-683421896a24
      strict-transport-security:
      - max-age=31536000; includeSubDomains
      x-cache:
      - CONFIG_NOCACHE
      x-content-type-options:
      - nosniff
      x-ms-throttling-version:
      - v2
      x-msedge-ref:
      - 'Ref A: 43BAA5861B71496B9C05BF4193C5165D Ref B: MWH011020807029 Ref C: 2025-09-12T07:38:56Z'
    status:
      code: 200
      message: OK
- request:
    body: '{"location": "East US 2 EUAP", "properties": {"authOptions": {"apiKeyOnly":
      {}}, "dataExfiltrationProtections": [], "disableLocalAuth": false, "encryptionWithCmk":
      {"enforcement": "Unspecified"}, "hostingMode": "default", "networkRuleSet":
      {}, "partitionCount": 1, "publicNetworkAccess": "Enabled", "replicaCount": 1,
      "semanticSearch": "free", "upgradeAvailable": "notAvailable"}, "sku": {"name":
      "standard"}, "tags": {}}'
    headers:
      Accept:
      - application/json
      Accept-Encoding:
      - gzip, deflate
      CommandName:
      - search service update
      Connection:
      - keep-alive
      Content-Length:
      - '421'
      Content-Type:
      - application/json
      ParameterSetName:
      - -n -g --ip-rules
      User-Agent:
      - AZURECLI/2.76.0 azsdk-python-core/1.35.0 Python/3.12.10 (Windows-11-10.0.26100-SP0)
    method: PUT
    uri: https://management.azure.com/subscriptions/00000000-0000-0000-0000-000000000000/resourceGroups/azure_search_cli_test000001/providers/Microsoft.Search/searchServices/test000002?api-version=2025-05-01
  response:
    body:
      string: '{"location":"East US 2 EUAP","tags":{},"properties":{"replicaCount":1,"partitionCount":1,"endpoint":"https://test000002.search.windows.net","status":"provisioning","statusDetails":"","provisioningState":"provisioning","hostingMode":"default","computeType":"Default","publicNetworkAccess":"Enabled","networkRuleSet":{"ipRules":[],"bypass":"None"},"privateEndpointConnections":[],"sharedPrivateLinkResources":[],"encryptionWithCmk":{"enforcement":"Unspecified","encryptionComplianceStatus":"Compliant"},"disableLocalAuth":false,"authOptions":{"apiKeyOnly":{}},"dataExfiltrationProtections":[],"semanticSearch":"free","upgradeAvailable":"notAvailable","serviceUpgradedAt":null},"systemData":{"createdAt":"2025-09-12T06:29:54.211Z"},"id":"/subscriptions/00000000-0000-0000-0000-000000000000/resourceGroups/azure_search_cli_test000001/providers/Microsoft.Search/searchServices/test000002","name":"test000002","type":"Microsoft.Search/searchServices","sku":{"name":"standard"}}'
    headers:
      cache-control:
      - no-cache
      content-length:
      - '971'
      content-type:
      - application/json; charset=utf-8
      date:
      - Fri, 12 Sep 2025 07:38:56 GMT
      elapsed-time:
      - '252'
      etag:
      - W/"datetime'2025-09-12T07%3A38%3A57.0207318Z'"
      expires:
      - '-1'
      pragma:
      - no-cache
      request-id:
      - 892da0ca-8fab-11f0-a35e-683421896a24
      strict-transport-security:
      - max-age=31536000; includeSubDomains
      x-cache:
      - CONFIG_NOCACHE
      x-content-type-options:
      - nosniff
      x-ms-operation-identifier:
      - tenantId=72f988bf-86f1-41af-91ab-2d7cd011db47,objectId=36c383ff-e0fb-4818-8b53-3e88239797c1/eastus2euap/0933a269-dc67-4515-a791-fe1b1832731b
      x-ms-ratelimit-remaining-subscription-writes:
      - '799'
      x-ms-throttling-version:
      - v2
      x-msedge-ref:
      - 'Ref A: 81F91F33B7684DF487453B9AA5935BFC Ref B: MWH011020808036 Ref C: 2025-09-12T07:38:56Z'
    status:
      code: 200
      message: OK
- request:
    body: null
    headers:
      Accept:
      - '*/*'
      Accept-Encoding:
      - gzip, deflate
      CommandName:
      - search service update
      Connection:
      - keep-alive
      ParameterSetName:
      - -n -g --ip-rules
      User-Agent:
      - AZURECLI/2.76.0 azsdk-python-core/1.35.0 Python/3.12.10 (Windows-11-10.0.26100-SP0)
    method: GET
    uri: https://management.azure.com/subscriptions/00000000-0000-0000-0000-000000000000/resourceGroups/azure_search_cli_test000001/providers/Microsoft.Search/searchServices/test000002?api-version=2025-05-01
  response:
    body:
      string: '{"location":"East US 2 EUAP","tags":{},"properties":{"replicaCount":1,"partitionCount":1,"endpoint":"https://test000002.search.windows.net","status":"provisioning","statusDetails":"","provisioningState":"provisioning","hostingMode":"default","computeType":"Default","publicNetworkAccess":"Enabled","networkRuleSet":{"ipRules":[],"bypass":"None"},"privateEndpointConnections":[],"sharedPrivateLinkResources":[],"encryptionWithCmk":{"enforcement":"Unspecified","encryptionComplianceStatus":"Compliant"},"disableLocalAuth":false,"authOptions":{"apiKeyOnly":{}},"dataExfiltrationProtections":[],"semanticSearch":"free","upgradeAvailable":"notAvailable","serviceUpgradedAt":null},"systemData":{"createdAt":"2025-09-12T06:29:54.211Z"},"id":"/subscriptions/00000000-0000-0000-0000-000000000000/resourceGroups/azure_search_cli_test000001/providers/Microsoft.Search/searchServices/test000002","name":"test000002","type":"Microsoft.Search/searchServices","sku":{"name":"standard"}}'
    headers:
      cache-control:
      - no-cache
      content-length:
      - '971'
      content-type:
      - application/json; charset=utf-8
      date:
      - Fri, 12 Sep 2025 07:38:57 GMT
      elapsed-time:
      - '58'
      etag:
      - W/"datetime'2025-09-12T07%3A38%3A57.0207318Z'"
      expires:
      - '-1'
      pragma:
      - no-cache
      request-id:
      - 892da0ca-8fab-11f0-a35e-683421896a24
      strict-transport-security:
      - max-age=31536000; includeSubDomains
      x-cache:
      - CONFIG_NOCACHE
      x-content-type-options:
      - nosniff
      x-ms-throttling-version:
      - v2
      x-msedge-ref:
      - 'Ref A: E9B8F3664FD34BE58C173B26953637C1 Ref B: MWH011020807060 Ref C: 2025-09-12T07:38:57Z'
    status:
      code: 200
      message: OK
- request:
    body: null
    headers:
      Accept:
      - '*/*'
      Accept-Encoding:
      - gzip, deflate
      CommandName:
      - search service update
      Connection:
      - keep-alive
      ParameterSetName:
      - -n -g --ip-rules
      User-Agent:
      - AZURECLI/2.76.0 azsdk-python-core/1.35.0 Python/3.12.10 (Windows-11-10.0.26100-SP0)
    method: GET
    uri: https://management.azure.com/subscriptions/00000000-0000-0000-0000-000000000000/resourceGroups/azure_search_cli_test000001/providers/Microsoft.Search/searchServices/test000002?api-version=2025-05-01
  response:
    body:
      string: '{"location":"East US 2 EUAP","tags":{},"properties":{"replicaCount":1,"partitionCount":1,"endpoint":"https://test000002.search.windows.net","status":"provisioning","statusDetails":"","provisioningState":"provisioning","hostingMode":"default","computeType":"Default","publicNetworkAccess":"Enabled","networkRuleSet":{"ipRules":[],"bypass":"None"},"privateEndpointConnections":[],"sharedPrivateLinkResources":[],"encryptionWithCmk":{"enforcement":"Unspecified","encryptionComplianceStatus":"Compliant"},"disableLocalAuth":false,"authOptions":{"apiKeyOnly":{}},"dataExfiltrationProtections":[],"semanticSearch":"free","upgradeAvailable":"notAvailable","serviceUpgradedAt":null},"systemData":{"createdAt":"2025-09-12T06:29:54.211Z"},"id":"/subscriptions/00000000-0000-0000-0000-000000000000/resourceGroups/azure_search_cli_test000001/providers/Microsoft.Search/searchServices/test000002","name":"test000002","type":"Microsoft.Search/searchServices","sku":{"name":"standard"}}'
    headers:
      cache-control:
      - no-cache
      content-length:
      - '971'
      content-type:
      - application/json; charset=utf-8
      date:
      - Fri, 12 Sep 2025 07:39:26 GMT
      elapsed-time:
      - '61'
      etag:
      - W/"datetime'2025-09-12T07%3A38%3A57.0207318Z'"
      expires:
      - '-1'
      pragma:
      - no-cache
      request-id:
      - 892da0ca-8fab-11f0-a35e-683421896a24
      strict-transport-security:
      - max-age=31536000; includeSubDomains
      x-cache:
      - CONFIG_NOCACHE
      x-content-type-options:
      - nosniff
      x-ms-throttling-version:
      - v2
      x-msedge-ref:
      - 'Ref A: AB74295195F342A68FD4054882ED6163 Ref B: CO6AA3150218047 Ref C: 2025-09-12T07:39:27Z'
    status:
      code: 200
      message: OK
- request:
    body: null
    headers:
      Accept:
      - '*/*'
      Accept-Encoding:
      - gzip, deflate
      CommandName:
      - search service update
      Connection:
      - keep-alive
      ParameterSetName:
      - -n -g --ip-rules
      User-Agent:
      - AZURECLI/2.76.0 azsdk-python-core/1.35.0 Python/3.12.10 (Windows-11-10.0.26100-SP0)
    method: GET
    uri: https://management.azure.com/subscriptions/00000000-0000-0000-0000-000000000000/resourceGroups/azure_search_cli_test000001/providers/Microsoft.Search/searchServices/test000002?api-version=2025-05-01
  response:
    body:
      string: '{"location":"East US 2 EUAP","tags":{},"properties":{"replicaCount":1,"partitionCount":1,"endpoint":"https://test000002.search.windows.net","status":"running","statusDetails":"","provisioningState":"succeeded","hostingMode":"default","computeType":"Default","publicNetworkAccess":"Enabled","networkRuleSet":{"ipRules":[],"bypass":"None"},"privateEndpointConnections":[],"sharedPrivateLinkResources":[],"encryptionWithCmk":{"enforcement":"Unspecified","encryptionComplianceStatus":"Compliant"},"disableLocalAuth":false,"authOptions":{"apiKeyOnly":{}},"dataExfiltrationProtections":[],"semanticSearch":"free","upgradeAvailable":"notAvailable","serviceUpgradedAt":null},"systemData":{"createdAt":"2025-09-12T06:29:54.211Z"},"id":"/subscriptions/00000000-0000-0000-0000-000000000000/resourceGroups/azure_search_cli_test000001/providers/Microsoft.Search/searchServices/test000002","name":"test000002","type":"Microsoft.Search/searchServices","sku":{"name":"standard"}}'
    headers:
      cache-control:
      - no-cache
      content-length:
      - '963'
      content-type:
      - application/json; charset=utf-8
      date:
      - Fri, 12 Sep 2025 07:39:57 GMT
      elapsed-time:
      - '127'
      etag:
      - W/"datetime'2025-09-12T07%3A38%3A57.0207318Z'"
      expires:
      - '-1'
      pragma:
      - no-cache
      request-id:
      - 892da0ca-8fab-11f0-a35e-683421896a24
      strict-transport-security:
      - max-age=31536000; includeSubDomains
      x-cache:
      - CONFIG_NOCACHE
      x-content-type-options:
      - nosniff
      x-ms-throttling-version:
      - v2
      x-msedge-ref:
      - 'Ref A: D23C28935EDA42EBA524B152C1B243B0 Ref B: MWH011020809062 Ref C: 2025-09-12T07:39:57Z'
    status:
      code: 200
      message: OK
version: 1
