interactions:
- request:
    body: null
    headers:
      Accept:
      - application/json
      Accept-Encoding:
      - gzip, deflate
      CommandName:
      - search service create
      Connection:
      - keep-alive
      ParameterSetName:
      - -n -g --sku
      User-Agent:
      - AZURECLI/2.76.0 azsdk-python-core/1.35.0 Python/3.12.10 (Windows-11-10.0.26100-SP0)
    method: GET
    uri: https://management.azure.com/subscriptions/00000000-0000-0000-0000-000000000000/resourcegroups/azure_search_cli_test000001?api-version=2024-11-01
  response:
    body:
      string: '{"id":"/subscriptions/00000000-0000-0000-0000-000000000000/resourceGroups/azure_search_cli_test000001","name":"azure_search_cli_test000001","type":"Microsoft.Resources/resourceGroups","location":"westus","tags":{"product":"azurecli","cause":"automation","test":"test_service_update","date":"2025-09-12T01:18:50Z","module":"search"},"properties":{"provisioningState":"Succeeded"}}'
    headers:
      cache-control:
      - no-cache
      content-length:
      - '379'
      content-type:
      - application/json; charset=utf-8
      date:
      - Fri, 12 Sep 2025 01:18:54 GMT
      expires:
      - '-1'
      pragma:
      - no-cache
      strict-transport-security:
      - max-age=31536000; includeSubDomains
      x-cache:
      - CONFIG_NOCACHE
      x-content-type-options:
      - nosniff
      x-ms-throttling-version:
      - v2
      x-msedge-ref:
      - 'Ref A: 89AB5B0C7CC042A9ACC58A3E8D059BB3 Ref B: CO6AA3150220029 Ref C: 2025-09-12T01:18:54Z'
    status:
      code: 200
      message: OK
- request:
    body: '{"location": "westus", "properties": {"hostingMode": "default", "partitionCount":
      1, "publicNetworkAccess": "enabled", "replicaCount": 1}, "sku": {"name": "standard"}}'
    headers:
      Accept:
      - application/json
      Accept-Encoding:
      - gzip, deflate
      CommandName:
      - search service create
      Connection:
      - keep-alive
      Content-Length:
      - '167'
      Content-Type:
      - application/json
      ParameterSetName:
      - -n -g --sku
      User-Agent:
      - AZURECLI/2.76.0 azsdk-python-core/1.35.0 Python/3.12.10 (Windows-11-10.0.26100-SP0)
    method: PUT
    uri: https://management.azure.com/subscriptions/00000000-0000-0000-0000-000000000000/resourceGroups/azure_search_cli_test000001/providers/Microsoft.Search/searchServices/test000002?api-version=2025-05-01
  response:
    body:
      string: '{"location":"West US","tags":{},"properties":{"replicaCount":1,"partitionCount":1,"endpoint":"https://test000002.search.windows.net","status":"running","statusDetails":"","provisioningState":"succeeded","hostingMode":"default","computeType":"Default","publicNetworkAccess":"Enabled","networkRuleSet":{"ipRules":[],"bypass":"None"},"privateEndpointConnections":[],"sharedPrivateLinkResources":[],"encryptionWithCmk":{"enforcement":"Unspecified","encryptionComplianceStatus":"Compliant"},"disableLocalAuth":false,"authOptions":{"apiKeyOnly":{}},"dataExfiltrationProtections":[],"semanticSearch":"free","upgradeAvailable":"notAvailable","serviceUpgradedAt":null},"systemData":{"createdAt":"2025-09-12T01:18:58.211Z"},"id":"/subscriptions/00000000-0000-0000-0000-000000000000/resourceGroups/azure_search_cli_test000001/providers/Microsoft.Search/searchServices/test000002","name":"test000002","type":"Microsoft.Search/searchServices","sku":{"name":"standard"}}'
    headers:
      cache-control:
      - no-cache
      content-length:
      - '956'
      content-type:
      - application/json; charset=utf-8
      date:
      - Fri, 12 Sep 2025 01:18:57 GMT
      elapsed-time:
      - '2999'
      etag:
      - W/"datetime'2025-09-12T01%3A18%3A58.2152078Z'"
      expires:
      - '-1'
      pragma:
      - no-cache
      request-id:
      - 721f2c6e-8f76-11f0-86b0-683421896a24
      strict-transport-security:
      - max-age=31536000; includeSubDomains
      x-cache:
      - CONFIG_NOCACHE
      x-content-type-options:
      - nosniff
      x-ms-operation-identifier:
      - tenantId=72f988bf-86f1-41af-91ab-2d7cd011db47,objectId=36c383ff-e0fb-4818-8b53-3e88239797c1/westus/9c9f097a-6a5d-45ca-8729-6cfbd9a177b1
      x-ms-ratelimit-remaining-subscription-global-writes:
      - '11999'
      x-ms-ratelimit-remaining-subscription-writes:
      - '799'
      x-msedge-ref:
      - 'Ref A: 2865207F634A42A292D40275593E60DB Ref B: CO6AA3150220023 Ref C: 2025-09-12T01:18:54Z'
    status:
      code: 201
      message: Created
- request:
    body: null
    headers:
      Accept:
      - application/json
      Accept-Encoding:
      - gzip, deflate
      CommandName:
      - search service update
      Connection:
      - keep-alive
      ParameterSetName:
      - -n -g --replica-count --partition-count
      User-Agent:
      - AZURECLI/2.76.0 azsdk-python-core/1.35.0 Python/3.12.10 (Windows-11-10.0.26100-SP0)
    method: GET
    uri: https://management.azure.com/subscriptions/00000000-0000-0000-0000-000000000000/resourceGroups/azure_search_cli_test000001/providers/Microsoft.Search/searchServices/test000002?api-version=2025-05-01
  response:
    body:
      string: '{"location":"West US","tags":{},"properties":{"replicaCount":1,"partitionCount":1,"endpoint":"https://test000002.search.windows.net","status":"running","statusDetails":"","provisioningState":"succeeded","hostingMode":"default","computeType":"Default","publicNetworkAccess":"Enabled","networkRuleSet":{"ipRules":[],"bypass":"None"},"privateEndpointConnections":[],"sharedPrivateLinkResources":[],"encryptionWithCmk":{"enforcement":"Unspecified","encryptionComplianceStatus":"Compliant"},"disableLocalAuth":false,"authOptions":{"apiKeyOnly":{}},"dataExfiltrationProtections":[],"semanticSearch":"free","upgradeAvailable":"notAvailable","serviceUpgradedAt":null},"systemData":{"createdAt":"2025-09-12T01:18:58.211Z"},"id":"/subscriptions/00000000-0000-0000-0000-000000000000/resourceGroups/azure_search_cli_test000001/providers/Microsoft.Search/searchServices/test000002","name":"test000002","type":"Microsoft.Search/searchServices","sku":{"name":"standard"}}'
    headers:
      cache-control:
      - no-cache
      content-length:
      - '956'
      content-type:
      - application/json; charset=utf-8
      date:
      - Fri, 12 Sep 2025 01:18:58 GMT
      elapsed-time:
      - '88'
      etag:
      - W/"datetime'2025-09-12T01%3A18%3A58.2152078Z'"
      expires:
      - '-1'
      pragma:
      - no-cache
      request-id:
      - 7527ff90-8f76-11f0-afc6-683421896a24
      strict-transport-security:
      - max-age=31536000; includeSubDomains
      x-cache:
      - CONFIG_NOCACHE
      x-content-type-options:
      - nosniff
      x-ms-ratelimit-remaining-subscription-global-reads:
      - '16499'
      x-msedge-ref:
      - 'Ref A: F01300ADE5404ACB839E518479D468E4 Ref B: CO6AA3150220045 Ref C: 2025-09-12T01:18:59Z'
    status:
      code: 200
      message: OK
- request:
    body: '{"location": "West US", "properties": {"authOptions": {"apiKeyOnly": {}},
      "dataExfiltrationProtections": [], "disableLocalAuth": false, "encryptionWithCmk":
      {"enforcement": "Unspecified"}, "hostingMode": "default", "networkRuleSet":
      {"ipRules": []}, "partitionCount": 1, "publicNetworkAccess": "Enabled", "replicaCount":
      2, "semanticSearch": "free", "upgradeAvailable": "notAvailable"}, "sku": {"name":
      "standard"}, "tags": {}}'
    headers:
      Accept:
      - application/json
      Accept-Encoding:
      - gzip, deflate
      CommandName:
      - search service update
      Connection:
      - keep-alive
      Content-Length:
      - '427'
      Content-Type:
      - application/json
      ParameterSetName:
      - -n -g --replica-count --partition-count
      User-Agent:
      - AZURECLI/2.76.0 azsdk-python-core/1.35.0 Python/3.12.10 (Windows-11-10.0.26100-SP0)
    method: PUT
    uri: https://management.azure.com/subscriptions/00000000-0000-0000-0000-000000000000/resourceGroups/azure_search_cli_test000001/providers/Microsoft.Search/searchServices/test000002?api-version=2025-05-01
  response:
    body:
      string: '{"location":"West US","tags":{},"properties":{"replicaCount":2,"partitionCount":1,"endpoint":"https://test000002.search.windows.net","status":"provisioning","statusDetails":"","provisioningState":"provisioning","hostingMode":"default","computeType":"Default","publicNetworkAccess":"Enabled","networkRuleSet":{"ipRules":[],"bypass":"None"},"privateEndpointConnections":[],"sharedPrivateLinkResources":[],"encryptionWithCmk":{"enforcement":"Unspecified","encryptionComplianceStatus":"Compliant"},"disableLocalAuth":false,"authOptions":{"apiKeyOnly":{}},"dataExfiltrationProtections":[],"semanticSearch":"free","upgradeAvailable":"notAvailable","serviceUpgradedAt":null},"systemData":{"createdAt":"2025-09-12T01:18:58.211Z"},"id":"/subscriptions/00000000-0000-0000-0000-000000000000/resourceGroups/azure_search_cli_test000001/providers/Microsoft.Search/searchServices/test000002","name":"test000002","type":"Microsoft.Search/searchServices","sku":{"name":"standard"}}'
    headers:
      cache-control:
      - no-cache
      content-length:
      - '964'
      content-type:
      - application/json; charset=utf-8
      date:
      - Fri, 12 Sep 2025 01:19:01 GMT
      elapsed-time:
      - '2445'
      etag:
      - W/"datetime'2025-09-12T01%3A19%3A01.8689941Z'"
      expires:
      - '-1'
      pragma:
      - no-cache
      request-id:
      - 7527ff90-8f76-11f0-afc6-683421896a24
      strict-transport-security:
      - max-age=31536000; includeSubDomains
      x-cache:
      - CONFIG_NOCACHE
      x-content-type-options:
      - nosniff
      x-ms-operation-identifier:
      - tenantId=72f988bf-86f1-41af-91ab-2d7cd011db47,objectId=36c383ff-e0fb-4818-8b53-3e88239797c1/westus/5f1ac24d-275b-49a6-a56d-de73f89bd9a7
      x-ms-ratelimit-remaining-subscription-global-writes:
      - '11999'
      x-ms-ratelimit-remaining-subscription-writes:
      - '799'
      x-msedge-ref:
      - 'Ref A: 562455089633449EBB5210E810270EFC Ref B: CO6AA3150220053 Ref C: 2025-09-12T01:18:59Z'
    status:
      code: 200
      message: OK
- request:
    body: null
    headers:
      Accept:
      - '*/*'
      Accept-Encoding:
      - gzip, deflate
      CommandName:
      - search service update
      Connection:
      - keep-alive
      ParameterSetName:
      - -n -g --replica-count --partition-count
      User-Agent:
      - AZURECLI/2.76.0 azsdk-python-core/1.35.0 Python/3.12.10 (Windows-11-10.0.26100-SP0)
    method: GET
    uri: https://management.azure.com/subscriptions/00000000-0000-0000-0000-000000000000/resourceGroups/azure_search_cli_test000001/providers/Microsoft.Search/searchServices/test000002?api-version=2025-05-01
  response:
    body:
      string: '{"location":"West US","tags":{},"properties":{"replicaCount":2,"partitionCount":1,"endpoint":"https://test000002.search.windows.net","status":"provisioning","statusDetails":"","provisioningState":"provisioning","hostingMode":"default","computeType":"Default","publicNetworkAccess":"Enabled","networkRuleSet":{"ipRules":[],"bypass":"None"},"privateEndpointConnections":[],"sharedPrivateLinkResources":[],"encryptionWithCmk":{"enforcement":"Unspecified","encryptionComplianceStatus":"Compliant"},"disableLocalAuth":false,"authOptions":{"apiKeyOnly":{}},"dataExfiltrationProtections":[],"semanticSearch":"free","upgradeAvailable":"notAvailable","serviceUpgradedAt":null},"systemData":{"createdAt":"2025-09-12T01:18:58.211Z"},"id":"/subscriptions/00000000-0000-0000-0000-000000000000/resourceGroups/azure_search_cli_test000001/providers/Microsoft.Search/searchServices/test000002","name":"test000002","type":"Microsoft.Search/searchServices","sku":{"name":"standard"}}'
    headers:
      cache-control:
      - no-cache
      content-length:
      - '964'
      content-type:
      - application/json; charset=utf-8
      date:
      - Fri, 12 Sep 2025 01:19:02 GMT
      elapsed-time:
      - '75'
      etag:
      - W/"datetime'2025-09-12T01%3A19%3A01.8689941Z'"
      expires:
      - '-1'
      pragma:
      - no-cache
      request-id:
      - 7527ff90-8f76-11f0-afc6-683421896a24
      strict-transport-security:
      - max-age=31536000; includeSubDomains
      x-cache:
      - CONFIG_NOCACHE
      x-content-type-options:
      - nosniff
      x-ms-throttling-version:
      - v2
      x-msedge-ref:
      - 'Ref A: 7AB451D16A3B4513B4FF45330DD720FC Ref B: MWH011020809052 Ref C: 2025-09-12T01:19:02Z'
    status:
      code: 200
      message: OK
- request:
    body: null
    headers:
      Accept:
      - '*/*'
      Accept-Encoding:
      - gzip, deflate
      CommandName:
      - search service update
      Connection:
      - keep-alive
      ParameterSetName:
      - -n -g --replica-count --partition-count
      User-Agent:
      - AZURECLI/2.76.0 azsdk-python-core/1.35.0 Python/3.12.10 (Windows-11-10.0.26100-SP0)
    method: GET
    uri: https://management.azure.com/subscriptions/00000000-0000-0000-0000-000000000000/resourceGroups/azure_search_cli_test000001/providers/Microsoft.Search/searchServices/test000002?api-version=2025-05-01
  response:
    body:
      string: '{"location":"West US","tags":{},"properties":{"replicaCount":2,"partitionCount":1,"endpoint":"https://test000002.search.windows.net","status":"provisioning","statusDetails":"","provisioningState":"provisioning","hostingMode":"default","computeType":"Default","publicNetworkAccess":"Enabled","networkRuleSet":{"ipRules":[],"bypass":"None"},"privateEndpointConnections":[],"sharedPrivateLinkResources":[],"encryptionWithCmk":{"enforcement":"Unspecified","encryptionComplianceStatus":"Compliant"},"disableLocalAuth":false,"authOptions":{"apiKeyOnly":{}},"dataExfiltrationProtections":[],"semanticSearch":"free","upgradeAvailable":"notAvailable","serviceUpgradedAt":null},"systemData":{"createdAt":"2025-09-12T01:18:58.211Z"},"id":"/subscriptions/00000000-0000-0000-0000-000000000000/resourceGroups/azure_search_cli_test000001/providers/Microsoft.Search/searchServices/test000002","name":"test000002","type":"Microsoft.Search/searchServices","sku":{"name":"standard"}}'
    headers:
      cache-control:
      - no-cache
      content-length:
      - '964'
      content-type:
      - application/json; charset=utf-8
      date:
      - Fri, 12 Sep 2025 01:19:32 GMT
      elapsed-time:
      - '71'
      etag:
      - W/"datetime'2025-09-12T01%3A19%3A01.8689941Z'"
      expires:
      - '-1'
      pragma:
      - no-cache
      request-id:
      - 7527ff90-8f76-11f0-afc6-683421896a24
      strict-transport-security:
      - max-age=31536000; includeSubDomains
      x-cache:
      - CONFIG_NOCACHE
      x-content-type-options:
      - nosniff
      x-ms-ratelimit-remaining-subscription-global-reads:
      - '16499'
      x-msedge-ref:
      - 'Ref A: 2C5B894442204E73BE35161F8695C3CD Ref B: MWH011020806036 Ref C: 2025-09-12T01:19:32Z'
    status:
      code: 200
      message: OK
- request:
    body: null
    headers:
      Accept:
      - '*/*'
      Accept-Encoding:
      - gzip, deflate
      CommandName:
      - search service update
      Connection:
      - keep-alive
      ParameterSetName:
      - -n -g --replica-count --partition-count
      User-Agent:
      - AZURECLI/2.76.0 azsdk-python-core/1.35.0 Python/3.12.10 (Windows-11-10.0.26100-SP0)
    method: GET
    uri: https://management.azure.com/subscriptions/00000000-0000-0000-0000-000000000000/resourceGroups/azure_search_cli_test000001/providers/Microsoft.Search/searchServices/test000002?api-version=2025-05-01
  response:
    body:
      string: '{"location":"West US","tags":{},"properties":{"replicaCount":2,"partitionCount":1,"endpoint":"https://test000002.search.windows.net","status":"provisioning","statusDetails":"","provisioningState":"provisioning","hostingMode":"default","computeType":"Default","publicNetworkAccess":"Enabled","networkRuleSet":{"ipRules":[],"bypass":"None"},"privateEndpointConnections":[],"sharedPrivateLinkResources":[],"encryptionWithCmk":{"enforcement":"Unspecified","encryptionComplianceStatus":"Compliant"},"disableLocalAuth":false,"authOptions":{"apiKeyOnly":{}},"dataExfiltrationProtections":[],"semanticSearch":"free","upgradeAvailable":"notAvailable","serviceUpgradedAt":null},"systemData":{"createdAt":"2025-09-12T01:18:58.211Z"},"id":"/subscriptions/00000000-0000-0000-0000-000000000000/resourceGroups/azure_search_cli_test000001/providers/Microsoft.Search/searchServices/test000002","name":"test000002","type":"Microsoft.Search/searchServices","sku":{"name":"standard"}}'
    headers:
      cache-control:
      - no-cache
      content-length:
      - '964'
      content-type:
      - application/json; charset=utf-8
      date:
      - Fri, 12 Sep 2025 01:20:02 GMT
      elapsed-time:
      - '84'
      etag:
      - W/"datetime'2025-09-12T01%3A19%3A01.8689941Z'"
      expires:
      - '-1'
      pragma:
      - no-cache
      request-id:
      - 7527ff90-8f76-11f0-afc6-683421896a24
      strict-transport-security:
      - max-age=31536000; includeSubDomains
      x-cache:
      - CONFIG_NOCACHE
      x-content-type-options:
      - nosniff
      x-ms-ratelimit-remaining-subscription-global-reads:
      - '16499'
      x-msedge-ref:
      - 'Ref A: 2E1DFADCD10D40A788527269E9FD4AD1 Ref B: CO6AA3150217011 Ref C: 2025-09-12T01:20:03Z'
    status:
      code: 200
      message: OK
- request:
    body: null
    headers:
      Accept:
      - '*/*'
      Accept-Encoding:
      - gzip, deflate
      CommandName:
      - search service update
      Connection:
      - keep-alive
      ParameterSetName:
      - -n -g --replica-count --partition-count
      User-Agent:
      - AZURECLI/2.76.0 azsdk-python-core/1.35.0 Python/3.12.10 (Windows-11-10.0.26100-SP0)
    method: GET
    uri: https://management.azure.com/subscriptions/00000000-0000-0000-0000-000000000000/resourceGroups/azure_search_cli_test000001/providers/Microsoft.Search/searchServices/test000002?api-version=2025-05-01
  response:
    body:
      string: '{"location":"West US","tags":{},"properties":{"replicaCount":2,"partitionCount":1,"endpoint":"https://test000002.search.windows.net","status":"provisioning","statusDetails":"","provisioningState":"provisioning","hostingMode":"default","computeType":"Default","publicNetworkAccess":"Enabled","networkRuleSet":{"ipRules":[],"bypass":"None"},"privateEndpointConnections":[],"sharedPrivateLinkResources":[],"encryptionWithCmk":{"enforcement":"Unspecified","encryptionComplianceStatus":"Compliant"},"disableLocalAuth":false,"authOptions":{"apiKeyOnly":{}},"dataExfiltrationProtections":[],"semanticSearch":"free","upgradeAvailable":"notAvailable","serviceUpgradedAt":null},"systemData":{"createdAt":"2025-09-12T01:18:58.211Z"},"id":"/subscriptions/00000000-0000-0000-0000-000000000000/resourceGroups/azure_search_cli_test000001/providers/Microsoft.Search/searchServices/test000002","name":"test000002","type":"Microsoft.Search/searchServices","sku":{"name":"standard"}}'
    headers:
      cache-control:
      - no-cache
      content-length:
      - '964'
      content-type:
      - application/json; charset=utf-8
      date:
      - Fri, 12 Sep 2025 01:20:33 GMT
      elapsed-time:
      - '85'
      etag:
      - W/"datetime'2025-09-12T01%3A19%3A01.8689941Z'"
      expires:
      - '-1'
      pragma:
      - no-cache
      request-id:
      - 7527ff90-8f76-11f0-afc6-683421896a24
      strict-transport-security:
      - max-age=31536000; includeSubDomains
      x-cache:
      - CONFIG_NOCACHE
      x-content-type-options:
      - nosniff
      x-ms-throttling-version:
      - v2
      x-msedge-ref:
      - 'Ref A: 8717EF9FB6D04331B41A03E15256DC8B Ref B: MWH011020808060 Ref C: 2025-09-12T01:20:33Z'
    status:
      code: 200
      message: OK
- request:
    body: null
    headers:
      Accept:
      - '*/*'
      Accept-Encoding:
      - gzip, deflate
      CommandName:
      - search service update
      Connection:
      - keep-alive
      ParameterSetName:
      - -n -g --replica-count --partition-count
      User-Agent:
      - AZURECLI/2.76.0 azsdk-python-core/1.35.0 Python/3.12.10 (Windows-11-10.0.26100-SP0)
    method: GET
    uri: https://management.azure.com/subscriptions/00000000-0000-0000-0000-000000000000/resourceGroups/azure_search_cli_test000001/providers/Microsoft.Search/searchServices/test000002?api-version=2025-05-01
  response:
    body:
      string: '{"location":"West US","tags":{},"properties":{"replicaCount":2,"partitionCount":1,"endpoint":"https://test000002.search.windows.net","status":"provisioning","statusDetails":"","provisioningState":"provisioning","hostingMode":"default","computeType":"Default","publicNetworkAccess":"Enabled","networkRuleSet":{"ipRules":[],"bypass":"None"},"privateEndpointConnections":[],"sharedPrivateLinkResources":[],"encryptionWithCmk":{"enforcement":"Unspecified","encryptionComplianceStatus":"Compliant"},"disableLocalAuth":false,"authOptions":{"apiKeyOnly":{}},"dataExfiltrationProtections":[],"semanticSearch":"free","upgradeAvailable":"notAvailable","serviceUpgradedAt":null},"systemData":{"createdAt":"2025-09-12T01:18:58.211Z"},"id":"/subscriptions/00000000-0000-0000-0000-000000000000/resourceGroups/azure_search_cli_test000001/providers/Microsoft.Search/searchServices/test000002","name":"test000002","type":"Microsoft.Search/searchServices","sku":{"name":"standard"}}'
    headers:
      cache-control:
      - no-cache
      content-length:
      - '964'
      content-type:
      - application/json; charset=utf-8
      date:
      - Fri, 12 Sep 2025 01:21:04 GMT
      elapsed-time:
      - '84'
      etag:
      - W/"datetime'2025-09-12T01%3A19%3A01.8689941Z'"
      expires:
      - '-1'
      pragma:
      - no-cache
      request-id:
      - 7527ff90-8f76-11f0-afc6-683421896a24
      strict-transport-security:
      - max-age=31536000; includeSubDomains
      x-cache:
      - CONFIG_NOCACHE
      x-content-type-options:
      - nosniff
      x-ms-throttling-version:
      - v2
      x-msedge-ref:
      - 'Ref A: 1B180AC1CC06448F853A0C0E243CDAF2 Ref B: MWH011020806054 Ref C: 2025-09-12T01:21:03Z'
    status:
      code: 200
      message: OK
- request:
    body: null
    headers:
      Accept:
      - '*/*'
      Accept-Encoding:
      - gzip, deflate
      CommandName:
      - search service update
      Connection:
      - keep-alive
      ParameterSetName:
      - -n -g --replica-count --partition-count
      User-Agent:
      - AZURECLI/2.76.0 azsdk-python-core/1.35.0 Python/3.12.10 (Windows-11-10.0.26100-SP0)
    method: GET
    uri: https://management.azure.com/subscriptions/00000000-0000-0000-0000-000000000000/resourceGroups/azure_search_cli_test000001/providers/Microsoft.Search/searchServices/test000002?api-version=2025-05-01
  response:
    body:
      string: '{"location":"West US","tags":{},"properties":{"replicaCount":2,"partitionCount":1,"endpoint":"https://test000002.search.windows.net","status":"provisioning","statusDetails":"","provisioningState":"provisioning","hostingMode":"default","computeType":"Default","publicNetworkAccess":"Enabled","networkRuleSet":{"ipRules":[],"bypass":"None"},"privateEndpointConnections":[],"sharedPrivateLinkResources":[],"encryptionWithCmk":{"enforcement":"Unspecified","encryptionComplianceStatus":"Compliant"},"disableLocalAuth":false,"authOptions":{"apiKeyOnly":{}},"dataExfiltrationProtections":[],"semanticSearch":"free","upgradeAvailable":"notAvailable","serviceUpgradedAt":null},"systemData":{"createdAt":"2025-09-12T01:18:58.211Z"},"id":"/subscriptions/00000000-0000-0000-0000-000000000000/resourceGroups/azure_search_cli_test000001/providers/Microsoft.Search/searchServices/test000002","name":"test000002","type":"Microsoft.Search/searchServices","sku":{"name":"standard"}}'
    headers:
      cache-control:
      - no-cache
      content-length:
      - '964'
      content-type:
      - application/json; charset=utf-8
      date:
      - Fri, 12 Sep 2025 01:21:35 GMT
      elapsed-time:
      - '95'
      etag:
      - W/"datetime'2025-09-12T01%3A19%3A01.8689941Z'"
      expires:
      - '-1'
      pragma:
      - no-cache
      request-id:
      - 7527ff90-8f76-11f0-afc6-683421896a24
      strict-transport-security:
      - max-age=31536000; includeSubDomains
      x-cache:
      - CONFIG_NOCACHE
      x-content-type-options:
      - nosniff
      x-ms-ratelimit-remaining-subscription-global-reads:
      - '16499'
      x-msedge-ref:
      - 'Ref A: 9FD8F3E0DDEF4191AD0EC355ACD5AF88 Ref B: CO6AA3150218047 Ref C: 2025-09-12T01:21:34Z'
    status:
      code: 200
      message: OK
- request:
    body: null
    headers:
      Accept:
      - '*/*'
      Accept-Encoding:
      - gzip, deflate
      CommandName:
      - search service update
      Connection:
      - keep-alive
      ParameterSetName:
      - -n -g --replica-count --partition-count
      User-Agent:
      - AZURECLI/2.76.0 azsdk-python-core/1.35.0 Python/3.12.10 (Windows-11-10.0.26100-SP0)
    method: GET
    uri: https://management.azure.com/subscriptions/00000000-0000-0000-0000-000000000000/resourceGroups/azure_search_cli_test000001/providers/Microsoft.Search/searchServices/test000002?api-version=2025-05-01
  response:
    body:
      string: '{"location":"West US","tags":{},"properties":{"replicaCount":2,"partitionCount":1,"endpoint":"https://test000002.search.windows.net","status":"provisioning","statusDetails":"","provisioningState":"provisioning","hostingMode":"default","computeType":"Default","publicNetworkAccess":"Enabled","networkRuleSet":{"ipRules":[],"bypass":"None"},"privateEndpointConnections":[],"sharedPrivateLinkResources":[],"encryptionWithCmk":{"enforcement":"Unspecified","encryptionComplianceStatus":"Compliant"},"disableLocalAuth":false,"authOptions":{"apiKeyOnly":{}},"dataExfiltrationProtections":[],"semanticSearch":"free","upgradeAvailable":"notAvailable","serviceUpgradedAt":null},"systemData":{"createdAt":"2025-09-12T01:18:58.211Z"},"id":"/subscriptions/00000000-0000-0000-0000-000000000000/resourceGroups/azure_search_cli_test000001/providers/Microsoft.Search/searchServices/test000002","name":"test000002","type":"Microsoft.Search/searchServices","sku":{"name":"standard"}}'
    headers:
      cache-control:
      - no-cache
      content-length:
      - '964'
      content-type:
      - application/json; charset=utf-8
      date:
      - Fri, 12 Sep 2025 01:22:05 GMT
      elapsed-time:
      - '92'
      etag:
      - W/"datetime'2025-09-12T01%3A19%3A01.8689941Z'"
      expires:
      - '-1'
      pragma:
      - no-cache
      request-id:
      - 7527ff90-8f76-11f0-afc6-683421896a24
      strict-transport-security:
      - max-age=31536000; includeSubDomains
      x-cache:
      - CONFIG_NOCACHE
      x-content-type-options:
      - nosniff
      x-ms-throttling-version:
      - v2
      x-msedge-ref:
      - 'Ref A: B6CC9D8B59F64F56A0086D2F26268527 Ref B: MWH011020807042 Ref C: 2025-09-12T01:22:05Z'
    status:
      code: 200
      message: OK
- request:
    body: null
    headers:
      Accept:
      - '*/*'
      Accept-Encoding:
      - gzip, deflate
      CommandName:
      - search service update
      Connection:
      - keep-alive
      ParameterSetName:
      - -n -g --replica-count --partition-count
      User-Agent:
      - AZURECLI/2.76.0 azsdk-python-core/1.35.0 Python/3.12.10 (Windows-11-10.0.26100-SP0)
    method: GET
    uri: https://management.azure.com/subscriptions/00000000-0000-0000-0000-000000000000/resourceGroups/azure_search_cli_test000001/providers/Microsoft.Search/searchServices/test000002?api-version=2025-05-01
  response:
    body:
      string: '{"location":"West US","tags":{},"properties":{"replicaCount":2,"partitionCount":1,"endpoint":"https://test000002.search.windows.net","status":"provisioning","statusDetails":"","provisioningState":"provisioning","hostingMode":"default","computeType":"Default","publicNetworkAccess":"Enabled","networkRuleSet":{"ipRules":[],"bypass":"None"},"privateEndpointConnections":[],"sharedPrivateLinkResources":[],"encryptionWithCmk":{"enforcement":"Unspecified","encryptionComplianceStatus":"Compliant"},"disableLocalAuth":false,"authOptions":{"apiKeyOnly":{}},"dataExfiltrationProtections":[],"semanticSearch":"free","upgradeAvailable":"notAvailable","serviceUpgradedAt":null},"systemData":{"createdAt":"2025-09-12T01:18:58.211Z"},"id":"/subscriptions/00000000-0000-0000-0000-000000000000/resourceGroups/azure_search_cli_test000001/providers/Microsoft.Search/searchServices/test000002","name":"test000002","type":"Microsoft.Search/searchServices","sku":{"name":"standard"}}'
    headers:
      cache-control:
      - no-cache
      content-length:
      - '964'
      content-type:
      - application/json; charset=utf-8
      date:
      - Fri, 12 Sep 2025 01:22:35 GMT
      elapsed-time:
      - '74'
      etag:
      - W/"datetime'2025-09-12T01%3A19%3A01.8689941Z'"
      expires:
      - '-1'
      pragma:
      - no-cache
      request-id:
      - 7527ff90-8f76-11f0-afc6-683421896a24
      strict-transport-security:
      - max-age=31536000; includeSubDomains
      x-cache:
      - CONFIG_NOCACHE
      x-content-type-options:
      - nosniff
      x-ms-throttling-version:
      - v2
      x-msedge-ref:
      - 'Ref A: 2A5F26BB4AFC4BBBB9DED9CEF52A9FC3 Ref B: MWH011020807036 Ref C: 2025-09-12T01:22:35Z'
    status:
      code: 200
      message: OK
- request:
    body: null
    headers:
      Accept:
      - '*/*'
      Accept-Encoding:
      - gzip, deflate
      CommandName:
      - search service update
      Connection:
      - keep-alive
      ParameterSetName:
      - -n -g --replica-count --partition-count
      User-Agent:
      - AZURECLI/2.76.0 azsdk-python-core/1.35.0 Python/3.12.10 (Windows-11-10.0.26100-SP0)
    method: GET
    uri: https://management.azure.com/subscriptions/00000000-0000-0000-0000-000000000000/resourceGroups/azure_search_cli_test000001/providers/Microsoft.Search/searchServices/test000002?api-version=2025-05-01
  response:
    body:
      string: '{"location":"West US","tags":{},"properties":{"replicaCount":2,"partitionCount":1,"endpoint":"https://test000002.search.windows.net","status":"provisioning","statusDetails":"","provisioningState":"provisioning","hostingMode":"default","computeType":"Default","publicNetworkAccess":"Enabled","networkRuleSet":{"ipRules":[],"bypass":"None"},"privateEndpointConnections":[],"sharedPrivateLinkResources":[],"encryptionWithCmk":{"enforcement":"Unspecified","encryptionComplianceStatus":"Compliant"},"disableLocalAuth":false,"authOptions":{"apiKeyOnly":{}},"dataExfiltrationProtections":[],"semanticSearch":"free","upgradeAvailable":"notAvailable","serviceUpgradedAt":null},"systemData":{"createdAt":"2025-09-12T01:18:58.211Z"},"id":"/subscriptions/00000000-0000-0000-0000-000000000000/resourceGroups/azure_search_cli_test000001/providers/Microsoft.Search/searchServices/test000002","name":"test000002","type":"Microsoft.Search/searchServices","sku":{"name":"standard"}}'
    headers:
      cache-control:
      - no-cache
      content-length:
      - '964'
      content-type:
      - application/json; charset=utf-8
      date:
      - Fri, 12 Sep 2025 01:23:06 GMT
      elapsed-time:
      - '86'
      etag:
      - W/"datetime'2025-09-12T01%3A19%3A01.8689941Z'"
      expires:
      - '-1'
      pragma:
      - no-cache
      request-id:
      - 7527ff90-8f76-11f0-afc6-683421896a24
      strict-transport-security:
      - max-age=31536000; includeSubDomains
      x-cache:
      - CONFIG_NOCACHE
      x-content-type-options:
      - nosniff
      x-ms-ratelimit-remaining-subscription-global-reads:
      - '16499'
      x-msedge-ref:
      - 'Ref A: 199FFE62FAA64D34924F1939E5E2F5B0 Ref B: MWH011020809052 Ref C: 2025-09-12T01:23:06Z'
    status:
      code: 200
      message: OK
- request:
    body: null
    headers:
      Accept:
      - '*/*'
      Accept-Encoding:
      - gzip, deflate
      CommandName:
      - search service update
      Connection:
      - keep-alive
      ParameterSetName:
      - -n -g --replica-count --partition-count
      User-Agent:
      - AZURECLI/2.76.0 azsdk-python-core/1.35.0 Python/3.12.10 (Windows-11-10.0.26100-SP0)
    method: GET
    uri: https://management.azure.com/subscriptions/00000000-0000-0000-0000-000000000000/resourceGroups/azure_search_cli_test000001/providers/Microsoft.Search/searchServices/test000002?api-version=2025-05-01
  response:
    body:
      string: '{"location":"West US","tags":{},"properties":{"replicaCount":2,"partitionCount":1,"endpoint":"https://test000002.search.windows.net","status":"provisioning","statusDetails":"","provisioningState":"provisioning","hostingMode":"default","computeType":"Default","publicNetworkAccess":"Enabled","networkRuleSet":{"ipRules":[],"bypass":"None"},"privateEndpointConnections":[],"sharedPrivateLinkResources":[],"encryptionWithCmk":{"enforcement":"Unspecified","encryptionComplianceStatus":"Compliant"},"disableLocalAuth":false,"authOptions":{"apiKeyOnly":{}},"dataExfiltrationProtections":[],"semanticSearch":"free","upgradeAvailable":"notAvailable","serviceUpgradedAt":null},"systemData":{"createdAt":"2025-09-12T01:18:58.211Z"},"id":"/subscriptions/00000000-0000-0000-0000-000000000000/resourceGroups/azure_search_cli_test000001/providers/Microsoft.Search/searchServices/test000002","name":"test000002","type":"Microsoft.Search/searchServices","sku":{"name":"standard"}}'
    headers:
      cache-control:
      - no-cache
      content-length:
      - '964'
      content-type:
      - application/json; charset=utf-8
      date:
      - Fri, 12 Sep 2025 01:23:36 GMT
      elapsed-time:
      - '183'
      etag:
      - W/"datetime'2025-09-12T01%3A19%3A01.8689941Z'"
      expires:
      - '-1'
      pragma:
      - no-cache
      request-id:
      - 7527ff90-8f76-11f0-afc6-683421896a24
      strict-transport-security:
      - max-age=31536000; includeSubDomains
      x-cache:
      - CONFIG_NOCACHE
      x-content-type-options:
      - nosniff
      x-ms-ratelimit-remaining-subscription-global-reads:
      - '16499'
      x-msedge-ref:
      - 'Ref A: B357EE962BBE4F60A8738AE549F8C492 Ref B: CO6AA3150217031 Ref C: 2025-09-12T01:23:36Z'
    status:
      code: 200
      message: OK
- request:
    body: null
    headers:
      Accept:
      - '*/*'
      Accept-Encoding:
      - gzip, deflate
      CommandName:
      - search service update
      Connection:
      - keep-alive
      ParameterSetName:
      - -n -g --replica-count --partition-count
      User-Agent:
      - AZURECLI/2.76.0 azsdk-python-core/1.35.0 Python/3.12.10 (Windows-11-10.0.26100-SP0)
    method: GET
    uri: https://management.azure.com/subscriptions/00000000-0000-0000-0000-000000000000/resourceGroups/azure_search_cli_test000001/providers/Microsoft.Search/searchServices/test000002?api-version=2025-05-01
  response:
    body:
      string: '{"location":"West US","tags":{},"properties":{"replicaCount":2,"partitionCount":1,"endpoint":"https://test000002.search.windows.net","status":"provisioning","statusDetails":"","provisioningState":"provisioning","hostingMode":"default","computeType":"Default","publicNetworkAccess":"Enabled","networkRuleSet":{"ipRules":[],"bypass":"None"},"privateEndpointConnections":[],"sharedPrivateLinkResources":[],"encryptionWithCmk":{"enforcement":"Unspecified","encryptionComplianceStatus":"Compliant"},"disableLocalAuth":false,"authOptions":{"apiKeyOnly":{}},"dataExfiltrationProtections":[],"semanticSearch":"free","upgradeAvailable":"notAvailable","serviceUpgradedAt":null},"systemData":{"createdAt":"2025-09-12T01:18:58.211Z"},"id":"/subscriptions/00000000-0000-0000-0000-000000000000/resourceGroups/azure_search_cli_test000001/providers/Microsoft.Search/searchServices/test000002","name":"test000002","type":"Microsoft.Search/searchServices","sku":{"name":"standard"}}'
    headers:
      cache-control:
      - no-cache
      content-length:
      - '964'
      content-type:
      - application/json; charset=utf-8
      date:
      - Fri, 12 Sep 2025 01:24:06 GMT
      elapsed-time:
      - '92'
      etag:
      - W/"datetime'2025-09-12T01%3A19%3A01.8689941Z'"
      expires:
      - '-1'
      pragma:
      - no-cache
      request-id:
      - 7527ff90-8f76-11f0-afc6-683421896a24
      strict-transport-security:
      - max-age=31536000; includeSubDomains
      x-cache:
      - CONFIG_NOCACHE
      x-content-type-options:
      - nosniff
      x-ms-ratelimit-remaining-subscription-global-reads:
      - '16499'
      x-msedge-ref:
      - 'Ref A: 84B9DAE255B7475CBA5CDBC9EF7F5C2D Ref B: MWH011020807036 Ref C: 2025-09-12T01:24:06Z'
    status:
      code: 200
      message: OK
- request:
    body: null
    headers:
      Accept:
      - '*/*'
      Accept-Encoding:
      - gzip, deflate
      CommandName:
      - search service update
      Connection:
      - keep-alive
      ParameterSetName:
      - -n -g --replica-count --partition-count
      User-Agent:
      - AZURECLI/2.76.0 azsdk-python-core/1.35.0 Python/3.12.10 (Windows-11-10.0.26100-SP0)
    method: GET
    uri: https://management.azure.com/subscriptions/00000000-0000-0000-0000-000000000000/resourceGroups/azure_search_cli_test000001/providers/Microsoft.Search/searchServices/test000002?api-version=2025-05-01
  response:
    body:
      string: '{"location":"West US","tags":{},"properties":{"replicaCount":2,"partitionCount":1,"endpoint":"https://test000002.search.windows.net","status":"provisioning","statusDetails":"","provisioningState":"provisioning","hostingMode":"default","computeType":"Default","publicNetworkAccess":"Enabled","networkRuleSet":{"ipRules":[],"bypass":"None"},"privateEndpointConnections":[],"sharedPrivateLinkResources":[],"encryptionWithCmk":{"enforcement":"Unspecified","encryptionComplianceStatus":"Compliant"},"disableLocalAuth":false,"authOptions":{"apiKeyOnly":{}},"dataExfiltrationProtections":[],"semanticSearch":"free","upgradeAvailable":"notAvailable","serviceUpgradedAt":null},"systemData":{"createdAt":"2025-09-12T01:18:58.211Z"},"id":"/subscriptions/00000000-0000-0000-0000-000000000000/resourceGroups/azure_search_cli_test000001/providers/Microsoft.Search/searchServices/test000002","name":"test000002","type":"Microsoft.Search/searchServices","sku":{"name":"standard"}}'
    headers:
      cache-control:
      - no-cache
      content-length:
      - '964'
      content-type:
      - application/json; charset=utf-8
      date:
      - Fri, 12 Sep 2025 01:24:36 GMT
      elapsed-time:
      - '76'
      etag:
      - W/"datetime'2025-09-12T01%3A19%3A01.8689941Z'"
      expires:
      - '-1'
      pragma:
      - no-cache
      request-id:
      - 7527ff90-8f76-11f0-afc6-683421896a24
      strict-transport-security:
      - max-age=31536000; includeSubDomains
      x-cache:
      - CONFIG_NOCACHE
      x-content-type-options:
      - nosniff
      x-ms-ratelimit-remaining-subscription-global-reads:
      - '16499'
      x-msedge-ref:
      - 'Ref A: CFF84E82E9B5459D83C8E9621F3EFB26 Ref B: MWH011020808034 Ref C: 2025-09-12T01:24:37Z'
    status:
      code: 200
      message: OK
- request:
    body: null
    headers:
      Accept:
      - '*/*'
      Accept-Encoding:
      - gzip, deflate
      CommandName:
      - search service update
      Connection:
      - keep-alive
      ParameterSetName:
      - -n -g --replica-count --partition-count
      User-Agent:
      - AZURECLI/2.76.0 azsdk-python-core/1.35.0 Python/3.12.10 (Windows-11-10.0.26100-SP0)
    method: GET
    uri: https://management.azure.com/subscriptions/00000000-0000-0000-0000-000000000000/resourceGroups/azure_search_cli_test000001/providers/Microsoft.Search/searchServices/test000002?api-version=2025-05-01
  response:
    body:
      string: '{"location":"West US","tags":{},"properties":{"replicaCount":2,"partitionCount":1,"endpoint":"https://test000002.search.windows.net","status":"provisioning","statusDetails":"","provisioningState":"provisioning","hostingMode":"default","computeType":"Default","publicNetworkAccess":"Enabled","networkRuleSet":{"ipRules":[],"bypass":"None"},"privateEndpointConnections":[],"sharedPrivateLinkResources":[],"encryptionWithCmk":{"enforcement":"Unspecified","encryptionComplianceStatus":"Compliant"},"disableLocalAuth":false,"authOptions":{"apiKeyOnly":{}},"dataExfiltrationProtections":[],"semanticSearch":"free","upgradeAvailable":"notAvailable","serviceUpgradedAt":null},"systemData":{"createdAt":"2025-09-12T01:18:58.211Z"},"id":"/subscriptions/00000000-0000-0000-0000-000000000000/resourceGroups/azure_search_cli_test000001/providers/Microsoft.Search/searchServices/test000002","name":"test000002","type":"Microsoft.Search/searchServices","sku":{"name":"standard"}}'
    headers:
      cache-control:
      - no-cache
      content-length:
      - '964'
      content-type:
      - application/json; charset=utf-8
      date:
      - Fri, 12 Sep 2025 01:25:07 GMT
      elapsed-time:
      - '84'
      etag:
      - W/"datetime'2025-09-12T01%3A19%3A01.8689941Z'"
      expires:
      - '-1'
      pragma:
      - no-cache
      request-id:
      - 7527ff90-8f76-11f0-afc6-683421896a24
      strict-transport-security:
      - max-age=31536000; includeSubDomains
      x-cache:
      - CONFIG_NOCACHE
      x-content-type-options:
      - nosniff
      x-ms-ratelimit-remaining-subscription-global-reads:
      - '16499'
      x-msedge-ref:
      - 'Ref A: 64DDEC7466E341298B1C36E26C16CD86 Ref B: CO6AA3150217021 Ref C: 2025-09-12T01:25:07Z'
    status:
      code: 200
      message: OK
- request:
    body: null
    headers:
      Accept:
      - '*/*'
      Accept-Encoding:
      - gzip, deflate
      CommandName:
      - search service update
      Connection:
      - keep-alive
      ParameterSetName:
      - -n -g --replica-count --partition-count
      User-Agent:
      - AZURECLI/2.76.0 azsdk-python-core/1.35.0 Python/3.12.10 (Windows-11-10.0.26100-SP0)
    method: GET
    uri: https://management.azure.com/subscriptions/00000000-0000-0000-0000-000000000000/resourceGroups/azure_search_cli_test000001/providers/Microsoft.Search/searchServices/test000002?api-version=2025-05-01
  response:
    body:
      string: '{"location":"West US","tags":{},"properties":{"replicaCount":2,"partitionCount":1,"endpoint":"https://test000002.search.windows.net","status":"provisioning","statusDetails":"","provisioningState":"provisioning","hostingMode":"default","computeType":"Default","publicNetworkAccess":"Enabled","networkRuleSet":{"ipRules":[],"bypass":"None"},"privateEndpointConnections":[],"sharedPrivateLinkResources":[],"encryptionWithCmk":{"enforcement":"Unspecified","encryptionComplianceStatus":"Compliant"},"disableLocalAuth":false,"authOptions":{"apiKeyOnly":{}},"dataExfiltrationProtections":[],"semanticSearch":"free","upgradeAvailable":"notAvailable","serviceUpgradedAt":null},"systemData":{"createdAt":"2025-09-12T01:18:58.211Z"},"id":"/subscriptions/00000000-0000-0000-0000-000000000000/resourceGroups/azure_search_cli_test000001/providers/Microsoft.Search/searchServices/test000002","name":"test000002","type":"Microsoft.Search/searchServices","sku":{"name":"standard"}}'
    headers:
      cache-control:
      - no-cache
      content-length:
      - '964'
      content-type:
      - application/json; charset=utf-8
      date:
      - Fri, 12 Sep 2025 01:25:37 GMT
      elapsed-time:
      - '77'
      etag:
      - W/"datetime'2025-09-12T01%3A19%3A01.8689941Z'"
      expires:
      - '-1'
      pragma:
      - no-cache
      request-id:
      - 7527ff90-8f76-11f0-afc6-683421896a24
      strict-transport-security:
      - max-age=31536000; includeSubDomains
      x-cache:
      - CONFIG_NOCACHE
      x-content-type-options:
      - nosniff
      x-ms-throttling-version:
      - v2
      x-msedge-ref:
      - 'Ref A: D50B87D2DE0C4F84951D1B17EAC6CE72 Ref B: MWH011020807029 Ref C: 2025-09-12T01:25:37Z'
    status:
      code: 200
      message: OK
- request:
    body: null
    headers:
      Accept:
      - '*/*'
      Accept-Encoding:
      - gzip, deflate
      CommandName:
      - search service update
      Connection:
      - keep-alive
      ParameterSetName:
      - -n -g --replica-count --partition-count
      User-Agent:
      - AZURECLI/2.76.0 azsdk-python-core/1.35.0 Python/3.12.10 (Windows-11-10.0.26100-SP0)
    method: GET
    uri: https://management.azure.com/subscriptions/00000000-0000-0000-0000-000000000000/resourceGroups/azure_search_cli_test000001/providers/Microsoft.Search/searchServices/test000002?api-version=2025-05-01
  response:
    body:
      string: '{"location":"West US","tags":{},"properties":{"replicaCount":2,"partitionCount":1,"endpoint":"https://test000002.search.windows.net","status":"provisioning","statusDetails":"","provisioningState":"provisioning","hostingMode":"default","computeType":"Default","publicNetworkAccess":"Enabled","networkRuleSet":{"ipRules":[],"bypass":"None"},"privateEndpointConnections":[],"sharedPrivateLinkResources":[],"encryptionWithCmk":{"enforcement":"Unspecified","encryptionComplianceStatus":"Compliant"},"disableLocalAuth":false,"authOptions":{"apiKeyOnly":{}},"dataExfiltrationProtections":[],"semanticSearch":"free","upgradeAvailable":"notAvailable","serviceUpgradedAt":null},"systemData":{"createdAt":"2025-09-12T01:18:58.211Z"},"id":"/subscriptions/00000000-0000-0000-0000-000000000000/resourceGroups/azure_search_cli_test000001/providers/Microsoft.Search/searchServices/test000002","name":"test000002","type":"Microsoft.Search/searchServices","sku":{"name":"standard"}}'
    headers:
      cache-control:
      - no-cache
      content-length:
      - '964'
      content-type:
      - application/json; charset=utf-8
      date:
      - Fri, 12 Sep 2025 01:26:08 GMT
      elapsed-time:
      - '79'
      etag:
      - W/"datetime'2025-09-12T01%3A19%3A01.8689941Z'"
      expires:
      - '-1'
      pragma:
      - no-cache
      request-id:
      - 7527ff90-8f76-11f0-afc6-683421896a24
      strict-transport-security:
      - max-age=31536000; includeSubDomains
      x-cache:
      - CONFIG_NOCACHE
      x-content-type-options:
      - nosniff
      x-ms-ratelimit-remaining-subscription-global-reads:
      - '16499'
      x-msedge-ref:
      - 'Ref A: 55689D260EF44FB185E6AD00F38C006C Ref B: CO6AA3150218021 Ref C: 2025-09-12T01:26:08Z'
    status:
      code: 200
      message: OK
- request:
    body: null
    headers:
      Accept:
      - '*/*'
      Accept-Encoding:
      - gzip, deflate
      CommandName:
      - search service update
      Connection:
      - keep-alive
      ParameterSetName:
      - -n -g --replica-count --partition-count
      User-Agent:
      - AZURECLI/2.76.0 azsdk-python-core/1.35.0 Python/3.12.10 (Windows-11-10.0.26100-SP0)
    method: GET
    uri: https://management.azure.com/subscriptions/00000000-0000-0000-0000-000000000000/resourceGroups/azure_search_cli_test000001/providers/Microsoft.Search/searchServices/test000002?api-version=2025-05-01
  response:
    body:
      string: '{"location":"West US","tags":{},"properties":{"replicaCount":2,"partitionCount":1,"endpoint":"https://test000002.search.windows.net","status":"provisioning","statusDetails":"","provisioningState":"provisioning","hostingMode":"default","computeType":"Default","publicNetworkAccess":"Enabled","networkRuleSet":{"ipRules":[],"bypass":"None"},"privateEndpointConnections":[],"sharedPrivateLinkResources":[],"encryptionWithCmk":{"enforcement":"Unspecified","encryptionComplianceStatus":"Compliant"},"disableLocalAuth":false,"authOptions":{"apiKeyOnly":{}},"dataExfiltrationProtections":[],"semanticSearch":"free","upgradeAvailable":"notAvailable","serviceUpgradedAt":null},"systemData":{"createdAt":"2025-09-12T01:18:58.211Z"},"id":"/subscriptions/00000000-0000-0000-0000-000000000000/resourceGroups/azure_search_cli_test000001/providers/Microsoft.Search/searchServices/test000002","name":"test000002","type":"Microsoft.Search/searchServices","sku":{"name":"standard"}}'
    headers:
      cache-control:
      - no-cache
      content-length:
      - '964'
      content-type:
      - application/json; charset=utf-8
      date:
      - Fri, 12 Sep 2025 01:26:38 GMT
      elapsed-time:
      - '81'
      etag:
      - W/"datetime'2025-09-12T01%3A19%3A01.8689941Z'"
      expires:
      - '-1'
      pragma:
      - no-cache
      request-id:
      - 7527ff90-8f76-11f0-afc6-683421896a24
      strict-transport-security:
      - max-age=31536000; includeSubDomains
      x-cache:
      - CONFIG_NOCACHE
      x-content-type-options:
      - nosniff
      x-ms-ratelimit-remaining-subscription-global-reads:
      - '16499'
      x-msedge-ref:
      - 'Ref A: 0646F9CD577E4711858D985D4154CD51 Ref B: MWH011020809042 Ref C: 2025-09-12T01:26:38Z'
    status:
      code: 200
      message: OK
- request:
    body: null
    headers:
      Accept:
      - '*/*'
      Accept-Encoding:
      - gzip, deflate
      CommandName:
      - search service update
      Connection:
      - keep-alive
      ParameterSetName:
      - -n -g --replica-count --partition-count
      User-Agent:
      - AZURECLI/2.76.0 azsdk-python-core/1.35.0 Python/3.12.10 (Windows-11-10.0.26100-SP0)
    method: GET
    uri: https://management.azure.com/subscriptions/00000000-0000-0000-0000-000000000000/resourceGroups/azure_search_cli_test000001/providers/Microsoft.Search/searchServices/test000002?api-version=2025-05-01
  response:
    body:
      string: '{"location":"West US","tags":{},"properties":{"replicaCount":2,"partitionCount":1,"endpoint":"https://test000002.search.windows.net","status":"provisioning","statusDetails":"","provisioningState":"provisioning","hostingMode":"default","computeType":"Default","publicNetworkAccess":"Enabled","networkRuleSet":{"ipRules":[],"bypass":"None"},"privateEndpointConnections":[],"sharedPrivateLinkResources":[],"encryptionWithCmk":{"enforcement":"Unspecified","encryptionComplianceStatus":"Compliant"},"disableLocalAuth":false,"authOptions":{"apiKeyOnly":{}},"dataExfiltrationProtections":[],"semanticSearch":"free","upgradeAvailable":"notAvailable","serviceUpgradedAt":null},"systemData":{"createdAt":"2025-09-12T01:18:58.211Z"},"id":"/subscriptions/00000000-0000-0000-0000-000000000000/resourceGroups/azure_search_cli_test000001/providers/Microsoft.Search/searchServices/test000002","name":"test000002","type":"Microsoft.Search/searchServices","sku":{"name":"standard"}}'
    headers:
      cache-control:
      - no-cache
      content-length:
      - '964'
      content-type:
      - application/json; charset=utf-8
      date:
      - Fri, 12 Sep 2025 01:27:08 GMT
      elapsed-time:
      - '112'
      etag:
      - W/"datetime'2025-09-12T01%3A19%3A01.8689941Z'"
      expires:
      - '-1'
      pragma:
      - no-cache
      request-id:
      - 7527ff90-8f76-11f0-afc6-683421896a24
      strict-transport-security:
      - max-age=31536000; includeSubDomains
      x-cache:
      - CONFIG_NOCACHE
      x-content-type-options:
      - nosniff
      x-ms-throttling-version:
      - v2
      x-msedge-ref:
      - 'Ref A: 0FB05AC4554746959A9F7CDB91A4F9F0 Ref B: MWH011020807062 Ref C: 2025-09-12T01:27:08Z'
    status:
      code: 200
      message: OK
- request:
    body: null
    headers:
      Accept:
      - '*/*'
      Accept-Encoding:
      - gzip, deflate
      CommandName:
      - search service update
      Connection:
      - keep-alive
      ParameterSetName:
      - -n -g --replica-count --partition-count
      User-Agent:
      - AZURECLI/2.76.0 azsdk-python-core/1.35.0 Python/3.12.10 (Windows-11-10.0.26100-SP0)
    method: GET
    uri: https://management.azure.com/subscriptions/00000000-0000-0000-0000-000000000000/resourceGroups/azure_search_cli_test000001/providers/Microsoft.Search/searchServices/test000002?api-version=2025-05-01
  response:
    body:
      string: '{"location":"West US","tags":{},"properties":{"replicaCount":2,"partitionCount":1,"endpoint":"https://test000002.search.windows.net","status":"running","statusDetails":"","provisioningState":"succeeded","hostingMode":"default","computeType":"Default","publicNetworkAccess":"Enabled","networkRuleSet":{"ipRules":[],"bypass":"None"},"privateEndpointConnections":[],"sharedPrivateLinkResources":[],"encryptionWithCmk":{"enforcement":"Unspecified","encryptionComplianceStatus":"Compliant"},"disableLocalAuth":false,"authOptions":{"apiKeyOnly":{}},"dataExfiltrationProtections":[],"semanticSearch":"free","upgradeAvailable":"notAvailable","serviceUpgradedAt":null},"systemData":{"createdAt":"2025-09-12T01:18:58.211Z"},"id":"/subscriptions/00000000-0000-0000-0000-000000000000/resourceGroups/azure_search_cli_test000001/providers/Microsoft.Search/searchServices/test000002","name":"test000002","type":"Microsoft.Search/searchServices","sku":{"name":"standard"}}'
    headers:
      cache-control:
      - no-cache
      content-length:
      - '956'
      content-type:
      - application/json; charset=utf-8
      date:
      - Fri, 12 Sep 2025 01:39:50 GMT
      elapsed-time:
      - '74'
      etag:
      - W/"datetime'2025-09-12T01%3A19%3A01.8689941Z'"
      expires:
      - '-1'
      pragma:
      - no-cache
      request-id:
      - 7527ff90-8f76-11f0-afc6-683421896a24
      strict-transport-security:
      - max-age=31536000; includeSubDomains
      x-cache:
      - CONFIG_NOCACHE
      x-content-type-options:
      - nosniff
      x-ms-ratelimit-remaining-subscription-global-reads:
      - '16499'
      x-msedge-ref:
      - 'Ref A: 4C48D45B40A3401A8BDE1DA271C904A4 Ref B: MWH011020807034 Ref C: 2025-09-12T01:39:50Z'
    status:
      code: 200
      message: OK
- request:
    body: null
    headers:
      Accept:
      - application/json
      Accept-Encoding:
      - gzip, deflate
      CommandName:
      - search service create
      Connection:
      - keep-alive
      ParameterSetName:
      - -n -g --sku
      User-Agent:
      - AZURECLI/2.76.0 azsdk-python-core/1.35.0 Python/3.12.10 (Windows-11-10.0.26100-SP0)
    method: GET
    uri: https://management.azure.com/subscriptions/00000000-0000-0000-0000-000000000000/resourcegroups/azure_search_cli_test000001?api-version=2024-11-01
  response:
    body:
      string: '{"id":"/subscriptions/00000000-0000-0000-0000-000000000000/resourceGroups/azure_search_cli_test000001","name":"azure_search_cli_test000001","type":"Microsoft.Resources/resourceGroups","location":"westus","tags":{"product":"azurecli","cause":"automation","test":"test_service_update","date":"2025-09-12T01:18:50Z","module":"search"},"properties":{"provisioningState":"Succeeded"}}'
    headers:
      cache-control:
      - no-cache
      content-length:
      - '379'
      content-type:
      - application/json; charset=utf-8
      date:
      - Fri, 12 Sep 2025 01:39:52 GMT
      expires:
      - '-1'
      pragma:
      - no-cache
      strict-transport-security:
      - max-age=31536000; includeSubDomains
      x-cache:
      - CONFIG_NOCACHE
      x-content-type-options:
      - nosniff
      x-ms-ratelimit-remaining-subscription-global-reads:
      - '16499'
      x-msedge-ref:
      - 'Ref A: 1668FBD99B5C4F4BB2250F5D346A92A8 Ref B: MWH011020807036 Ref C: 2025-09-12T01:39:52Z'
    status:
      code: 200
      message: OK
- request:
    body: '{"location": "westus", "properties": {"hostingMode": "default", "partitionCount":
      1, "publicNetworkAccess": "enabled", "replicaCount": 1}, "sku": {"name": "standard"}}'
    headers:
      Accept:
      - application/json
      Accept-Encoding:
      - gzip, deflate
      CommandName:
      - search service create
      Connection:
      - keep-alive
      Content-Length:
      - '167'
      Content-Type:
      - application/json
      ParameterSetName:
      - -n -g --sku
      User-Agent:
      - AZURECLI/2.76.0 azsdk-python-core/1.35.0 Python/3.12.10 (Windows-11-10.0.26100-SP0)
    method: PUT
    uri: https://management.azure.com/subscriptions/00000000-0000-0000-0000-000000000000/resourceGroups/azure_search_cli_test000001/providers/Microsoft.Search/searchServices/test000003?api-version=2025-05-01
  response:
    body:
      string: '{"location":"West US","tags":{},"properties":{"replicaCount":1,"partitionCount":1,"endpoint":"https://test000003.search.windows.net","status":"running","statusDetails":"","provisioningState":"succeeded","hostingMode":"default","computeType":"Default","publicNetworkAccess":"Enabled","networkRuleSet":{"ipRules":[],"bypass":"None"},"privateEndpointConnections":[],"sharedPrivateLinkResources":[],"encryptionWithCmk":{"enforcement":"Unspecified","encryptionComplianceStatus":"Compliant"},"disableLocalAuth":false,"authOptions":{"apiKeyOnly":{}},"dataExfiltrationProtections":[],"semanticSearch":"free","upgradeAvailable":"notAvailable","serviceUpgradedAt":null},"systemData":{"createdAt":"2025-09-12T01:39:56.635Z"},"id":"/subscriptions/00000000-0000-0000-0000-000000000000/resourceGroups/azure_search_cli_test000001/providers/Microsoft.Search/searchServices/test000003","name":"test000003","type":"Microsoft.Search/searchServices","sku":{"name":"standard"}}'
    headers:
      cache-control:
      - no-cache
      content-length:
      - '956'
      content-type:
      - application/json; charset=utf-8
      date:
      - Fri, 12 Sep 2025 01:39:56 GMT
      elapsed-time:
      - '3839'
      etag:
      - W/"datetime'2025-09-12T01%3A39%3A56.6373849Z'"
      expires:
      - '-1'
      pragma:
      - no-cache
      request-id:
      - 5fced239-8f79-11f0-aaff-683421896a24
      strict-transport-security:
      - max-age=31536000; includeSubDomains
      x-cache:
      - CONFIG_NOCACHE
      x-content-type-options:
      - nosniff
      x-ms-operation-identifier:
      - tenantId=72f988bf-86f1-41af-91ab-2d7cd011db47,objectId=36c383ff-e0fb-4818-8b53-3e88239797c1/westus/f3425765-8cc7-49e4-a5e3-2489545577e4
      x-ms-ratelimit-remaining-subscription-global-writes:
      - '11999'
      x-ms-ratelimit-remaining-subscription-writes:
      - '799'
      x-msedge-ref:
      - 'Ref A: F3EBE14114624995A5DF8F551B042BAB Ref B: MWH011020807029 Ref C: 2025-09-12T01:39:52Z'
    status:
      code: 201
      message: Created
- request:
    body: null
    headers:
      Accept:
      - application/json
      Accept-Encoding:
      - gzip, deflate
      CommandName:
      - search service update
      Connection:
      - keep-alive
      ParameterSetName:
      - -n -g --replica-count --partition-count
      User-Agent:
      - AZURECLI/2.76.0 azsdk-python-core/1.35.0 Python/3.12.10 (Windows-11-10.0.26100-SP0)
    method: GET
    uri: https://management.azure.com/subscriptions/00000000-0000-0000-0000-000000000000/resourceGroups/azure_search_cli_test000001/providers/Microsoft.Search/searchServices/test000003?api-version=2025-05-01
  response:
    body:
      string: '{"location":"West US","tags":{},"properties":{"replicaCount":1,"partitionCount":1,"endpoint":"https://test000003.search.windows.net","status":"running","statusDetails":"","provisioningState":"succeeded","hostingMode":"default","computeType":"Default","publicNetworkAccess":"Enabled","networkRuleSet":{"ipRules":[],"bypass":"None"},"privateEndpointConnections":[],"sharedPrivateLinkResources":[],"encryptionWithCmk":{"enforcement":"Unspecified","encryptionComplianceStatus":"Compliant"},"disableLocalAuth":false,"authOptions":{"apiKeyOnly":{}},"dataExfiltrationProtections":[],"semanticSearch":"free","upgradeAvailable":"notAvailable","serviceUpgradedAt":null},"systemData":{"createdAt":"2025-09-12T01:39:56.635Z"},"id":"/subscriptions/00000000-0000-0000-0000-000000000000/resourceGroups/azure_search_cli_test000001/providers/Microsoft.Search/searchServices/test000003","name":"test000003","type":"Microsoft.Search/searchServices","sku":{"name":"standard"}}'
    headers:
      cache-control:
      - no-cache
      content-length:
      - '956'
      content-type:
      - application/json; charset=utf-8
      date:
      - Fri, 12 Sep 2025 01:39:56 GMT
      elapsed-time:
      - '84'
      etag:
      - W/"datetime'2025-09-12T01%3A39%3A56.6373849Z'"
      expires:
      - '-1'
      pragma:
      - no-cache
      request-id:
      - 62ef81ba-8f79-11f0-a60a-683421896a24
      strict-transport-security:
      - max-age=31536000; includeSubDomains
      x-cache:
      - CONFIG_NOCACHE
      x-content-type-options:
      - nosniff
      x-ms-ratelimit-remaining-subscription-global-reads:
      - '16499'
      x-msedge-ref:
      - 'Ref A: B39530378A78497FAA8741BD604A8F56 Ref B: CO6AA3150218027 Ref C: 2025-09-12T01:39:56Z'
    status:
      code: 200
      message: OK
- request:
    body: '{"location": "West US", "properties": {"authOptions": {"apiKeyOnly": {}},
      "dataExfiltrationProtections": [], "disableLocalAuth": false, "encryptionWithCmk":
      {"enforcement": "Unspecified"}, "hostingMode": "default", "networkRuleSet":
      {"ipRules": []}, "partitionCount": 2, "publicNetworkAccess": "Enabled", "replicaCount":
      1, "semanticSearch": "free", "upgradeAvailable": "notAvailable"}, "sku": {"name":
      "standard"}, "tags": {}}'
    headers:
      Accept:
      - application/json
      Accept-Encoding:
      - gzip, deflate
      CommandName:
      - search service update
      Connection:
      - keep-alive
      Content-Length:
      - '427'
      Content-Type:
      - application/json
      ParameterSetName:
      - -n -g --replica-count --partition-count
      User-Agent:
      - AZURECLI/2.76.0 azsdk-python-core/1.35.0 Python/3.12.10 (Windows-11-10.0.26100-SP0)
    method: PUT
    uri: https://management.azure.com/subscriptions/00000000-0000-0000-0000-000000000000/resourceGroups/azure_search_cli_test000001/providers/Microsoft.Search/searchServices/test000003?api-version=2025-05-01
  response:
    body:
      string: '{"location":"West US","tags":{},"properties":{"replicaCount":1,"partitionCount":2,"endpoint":"https://test000003.search.windows.net","status":"provisioning","statusDetails":"","provisioningState":"provisioning","hostingMode":"default","computeType":"Default","publicNetworkAccess":"Enabled","networkRuleSet":{"ipRules":[],"bypass":"None"},"privateEndpointConnections":[],"sharedPrivateLinkResources":[],"encryptionWithCmk":{"enforcement":"Unspecified","encryptionComplianceStatus":"Compliant"},"disableLocalAuth":false,"authOptions":{"apiKeyOnly":{}},"dataExfiltrationProtections":[],"semanticSearch":"free","upgradeAvailable":"notAvailable","serviceUpgradedAt":null},"systemData":{"createdAt":"2025-09-12T01:39:56.635Z"},"id":"/subscriptions/00000000-0000-0000-0000-000000000000/resourceGroups/azure_search_cli_test000001/providers/Microsoft.Search/searchServices/test000003","name":"test000003","type":"Microsoft.Search/searchServices","sku":{"name":"standard"}}'
    headers:
      cache-control:
      - no-cache
      content-length:
      - '964'
      content-type:
      - application/json; charset=utf-8
      date:
      - Fri, 12 Sep 2025 01:40:00 GMT
      elapsed-time:
      - '2565'
      etag:
      - W/"datetime'2025-09-12T01%3A40%3A00.0192591Z'"
      expires:
      - '-1'
      pragma:
      - no-cache
      request-id:
      - 62ef81ba-8f79-11f0-a60a-683421896a24
      strict-transport-security:
      - max-age=31536000; includeSubDomains
      x-cache:
      - CONFIG_NOCACHE
      x-content-type-options:
      - nosniff
      x-ms-operation-identifier:
      - tenantId=72f988bf-86f1-41af-91ab-2d7cd011db47,objectId=36c383ff-e0fb-4818-8b53-3e88239797c1/westus/4b028ccc-0b48-493c-a769-9b706d5a79af
      x-ms-ratelimit-remaining-subscription-global-writes:
      - '11999'
      x-ms-ratelimit-remaining-subscription-writes:
      - '799'
      x-msedge-ref:
      - 'Ref A: 904C0A3CA8C94836B9525D238FD5EDE3 Ref B: MWH011020806036 Ref C: 2025-09-12T01:39:57Z'
    status:
      code: 200
      message: OK
- request:
    body: null
    headers:
      Accept:
      - '*/*'
      Accept-Encoding:
      - gzip, deflate
      CommandName:
      - search service update
      Connection:
      - keep-alive
      ParameterSetName:
      - -n -g --replica-count --partition-count
      User-Agent:
      - AZURECLI/2.76.0 azsdk-python-core/1.35.0 Python/3.12.10 (Windows-11-10.0.26100-SP0)
    method: GET
    uri: https://management.azure.com/subscriptions/00000000-0000-0000-0000-000000000000/resourceGroups/azure_search_cli_test000001/providers/Microsoft.Search/searchServices/test000003?api-version=2025-05-01
  response:
    body:
      string: '{"location":"West US","tags":{},"properties":{"replicaCount":1,"partitionCount":2,"endpoint":"https://test000003.search.windows.net","status":"provisioning","statusDetails":"","provisioningState":"provisioning","hostingMode":"default","computeType":"Default","publicNetworkAccess":"Enabled","networkRuleSet":{"ipRules":[],"bypass":"None"},"privateEndpointConnections":[],"sharedPrivateLinkResources":[],"encryptionWithCmk":{"enforcement":"Unspecified","encryptionComplianceStatus":"Compliant"},"disableLocalAuth":false,"authOptions":{"apiKeyOnly":{}},"dataExfiltrationProtections":[],"semanticSearch":"free","upgradeAvailable":"notAvailable","serviceUpgradedAt":null},"systemData":{"createdAt":"2025-09-12T01:39:56.635Z"},"id":"/subscriptions/00000000-0000-0000-0000-000000000000/resourceGroups/azure_search_cli_test000001/providers/Microsoft.Search/searchServices/test000003","name":"test000003","type":"Microsoft.Search/searchServices","sku":{"name":"standard"}}'
    headers:
      cache-control:
      - no-cache
      content-length:
      - '964'
      content-type:
      - application/json; charset=utf-8
      date:
      - Fri, 12 Sep 2025 01:40:00 GMT
      elapsed-time:
      - '77'
      etag:
      - W/"datetime'2025-09-12T01%3A40%3A00.0192591Z'"
      expires:
      - '-1'
      pragma:
      - no-cache
      request-id:
      - 62ef81ba-8f79-11f0-a60a-683421896a24
      strict-transport-security:
      - max-age=31536000; includeSubDomains
      x-cache:
      - CONFIG_NOCACHE
      x-content-type-options:
      - nosniff
      x-ms-throttling-version:
      - v2
      x-msedge-ref:
      - 'Ref A: A6E67C1AE1074DA5991745B623349B5A Ref B: CO6AA3150217029 Ref C: 2025-09-12T01:40:00Z'
    status:
      code: 200
      message: OK
- request:
    body: null
    headers:
      Accept:
      - '*/*'
      Accept-Encoding:
      - gzip, deflate
      CommandName:
      - search service update
      Connection:
      - keep-alive
      ParameterSetName:
      - -n -g --replica-count --partition-count
      User-Agent:
      - AZURECLI/2.76.0 azsdk-python-core/1.35.0 Python/3.12.10 (Windows-11-10.0.26100-SP0)
    method: GET
    uri: https://management.azure.com/subscriptions/00000000-0000-0000-0000-000000000000/resourceGroups/azure_search_cli_test000001/providers/Microsoft.Search/searchServices/test000003?api-version=2025-05-01
  response:
    body:
      string: '{"location":"West US","tags":{},"properties":{"replicaCount":1,"partitionCount":2,"endpoint":"https://test000003.search.windows.net","status":"provisioning","statusDetails":"","provisioningState":"provisioning","hostingMode":"default","computeType":"Default","publicNetworkAccess":"Enabled","networkRuleSet":{"ipRules":[],"bypass":"None"},"privateEndpointConnections":[],"sharedPrivateLinkResources":[],"encryptionWithCmk":{"enforcement":"Unspecified","encryptionComplianceStatus":"Compliant"},"disableLocalAuth":false,"authOptions":{"apiKeyOnly":{}},"dataExfiltrationProtections":[],"semanticSearch":"free","upgradeAvailable":"notAvailable","serviceUpgradedAt":null},"systemData":{"createdAt":"2025-09-12T01:39:56.635Z"},"id":"/subscriptions/00000000-0000-0000-0000-000000000000/resourceGroups/azure_search_cli_test000001/providers/Microsoft.Search/searchServices/test000003","name":"test000003","type":"Microsoft.Search/searchServices","sku":{"name":"standard"}}'
    headers:
      cache-control:
      - no-cache
      content-length:
      - '964'
      content-type:
      - application/json; charset=utf-8
      date:
      - Fri, 12 Sep 2025 01:40:30 GMT
      elapsed-time:
      - '84'
      etag:
      - W/"datetime'2025-09-12T01%3A40%3A00.0192591Z'"
      expires:
      - '-1'
      pragma:
      - no-cache
      request-id:
      - 62ef81ba-8f79-11f0-a60a-683421896a24
      strict-transport-security:
      - max-age=31536000; includeSubDomains
      x-cache:
      - CONFIG_NOCACHE
      x-content-type-options:
      - nosniff
      x-ms-throttling-version:
      - v2
      x-msedge-ref:
      - 'Ref A: 61E5423912F54B52B06920C2F7775031 Ref B: MWH011020809042 Ref C: 2025-09-12T01:40:30Z'
    status:
      code: 200
      message: OK
- request:
    body: null
    headers:
      Accept:
      - '*/*'
      Accept-Encoding:
      - gzip, deflate
      CommandName:
      - search service update
      Connection:
      - keep-alive
      ParameterSetName:
      - -n -g --replica-count --partition-count
      User-Agent:
      - AZURECLI/2.76.0 azsdk-python-core/1.35.0 Python/3.12.10 (Windows-11-10.0.26100-SP0)
    method: GET
    uri: https://management.azure.com/subscriptions/00000000-0000-0000-0000-000000000000/resourceGroups/azure_search_cli_test000001/providers/Microsoft.Search/searchServices/test000003?api-version=2025-05-01
  response:
    body:
      string: '{"location":"West US","tags":{},"properties":{"replicaCount":1,"partitionCount":2,"endpoint":"https://test000003.search.windows.net","status":"running","statusDetails":"","provisioningState":"succeeded","hostingMode":"default","computeType":"Default","publicNetworkAccess":"Enabled","networkRuleSet":{"ipRules":[],"bypass":"None"},"privateEndpointConnections":[],"sharedPrivateLinkResources":[],"encryptionWithCmk":{"enforcement":"Unspecified","encryptionComplianceStatus":"Compliant"},"disableLocalAuth":false,"authOptions":{"apiKeyOnly":{}},"dataExfiltrationProtections":[],"semanticSearch":"free","upgradeAvailable":"notAvailable","serviceUpgradedAt":null},"systemData":{"createdAt":"2025-09-12T01:39:56.635Z"},"id":"/subscriptions/00000000-0000-0000-0000-000000000000/resourceGroups/azure_search_cli_test000001/providers/Microsoft.Search/searchServices/test000003","name":"test000003","type":"Microsoft.Search/searchServices","sku":{"name":"standard"}}'
    headers:
      cache-control:
      - no-cache
      content-length:
      - '956'
      content-type:
      - application/json; charset=utf-8
      date:
      - Fri, 12 Sep 2025 06:28:34 GMT
      elapsed-time:
      - '77'
      etag:
      - W/"datetime'2025-09-12T01%3A40%3A00.0192591Z'"
      expires:
      - '-1'
      pragma:
      - no-cache
      request-id:
      - 62ef81ba-8f79-11f0-a60a-683421896a24
      strict-transport-security:
      - max-age=31536000; includeSubDomains
      x-cache:
      - CONFIG_NOCACHE
      x-content-type-options:
      - nosniff
      x-ms-ratelimit-remaining-subscription-global-reads:
      - '16499'
      x-msedge-ref:
      - 'Ref A: E198A957B1E445BEBC0864736E4BF3AD Ref B: MWH011020806025 Ref C: 2025-09-12T06:28:34Z'
    status:
      code: 200
      message: OK
version: 1
